Archive member included to satisfy reference by file (symbol)

c:/vsarm/armcc/102021~1.10/bin/../lib/gcc/arm-none-eabi/10.3.1/thumb/v6-m/nofp\libgcc.a(_dvmd_tls.o)
                              CMakeFiles/main.dir/C_/VSARM/sdk/pico/pico-sdk/src/rp2_common/pico_divider/divider.S.obj (__aeabi_idiv0)
c:/vsarm/armcc/102021~1.10/bin/../lib/gcc/arm-none-eabi/10.3.1/../../../../arm-none-eabi/lib/thumb/v6-m/nofp\libc.a(lib_a-atof.o)
                              CMakeFiles/main.dir/main.c.obj (atof)
c:/vsarm/armcc/102021~1.10/bin/../lib/gcc/arm-none-eabi/10.3.1/../../../../arm-none-eabi/lib/thumb/v6-m/nofp\libc.a(lib_a-calloc.o)
                              CMakeFiles/main.dir/C_/VSARM/sdk/pico/pico-sdk/src/rp2_common/pico_malloc/pico_malloc.c.obj (calloc)
c:/vsarm/armcc/102021~1.10/bin/../lib/gcc/arm-none-eabi/10.3.1/../../../../arm-none-eabi/lib/thumb/v6-m/nofp\libc.a(lib_a-callocr.o)
                              c:/vsarm/armcc/102021~1.10/bin/../lib/gcc/arm-none-eabi/10.3.1/../../../../arm-none-eabi/lib/thumb/v6-m/nofp\libc.a(lib_a-calloc.o) (_calloc_r)
c:/vsarm/armcc/102021~1.10/bin/../lib/gcc/arm-none-eabi/10.3.1/../../../../arm-none-eabi/lib/thumb/v6-m/nofp\libc.a(lib_a-errno.o)
                              c:/vsarm/armcc/102021~1.10/bin/../lib/gcc/arm-none-eabi/10.3.1/../../../../arm-none-eabi/lib/thumb/v6-m/nofp\libc.a(lib_a-callocr.o) (__errno)
c:/vsarm/armcc/102021~1.10/bin/../lib/gcc/arm-none-eabi/10.3.1/../../../../arm-none-eabi/lib/thumb/v6-m/nofp\libc.a(lib_a-impure.o)
                              c:/vsarm/armcc/102021~1.10/bin/../lib/gcc/arm-none-eabi/10.3.1/../../../../arm-none-eabi/lib/thumb/v6-m/nofp\libc.a(lib_a-calloc.o) (_impure_ptr)
c:/vsarm/armcc/102021~1.10/bin/../lib/gcc/arm-none-eabi/10.3.1/../../../../arm-none-eabi/lib/thumb/v6-m/nofp\libc.a(lib_a-init.o)
                              c:/vsarm/armcc/102021~1.10/bin/../lib/gcc/arm-none-eabi/10.3.1/../../../../arm-none-eabi/lib/thumb/v6-m/nofp/crt0.o (__libc_init_array)
c:/vsarm/armcc/102021~1.10/bin/../lib/gcc/arm-none-eabi/10.3.1/../../../../arm-none-eabi/lib/thumb/v6-m/nofp\libc.a(lib_a-malloc.o)
                              CMakeFiles/main.dir/C_/VSARM/sdk/pico/pico-sdk/src/rp2_common/pico_malloc/pico_malloc.c.obj (malloc)
c:/vsarm/armcc/102021~1.10/bin/../lib/gcc/arm-none-eabi/10.3.1/../../../../arm-none-eabi/lib/thumb/v6-m/nofp\libc.a(lib_a-mallocr.o)
                              c:/vsarm/armcc/102021~1.10/bin/../lib/gcc/arm-none-eabi/10.3.1/../../../../arm-none-eabi/lib/thumb/v6-m/nofp\libc.a(lib_a-callocr.o) (_malloc_r)
c:/vsarm/armcc/102021~1.10/bin/../lib/gcc/arm-none-eabi/10.3.1/../../../../arm-none-eabi/lib/thumb/v6-m/nofp\libc.a(lib_a-mlock.o)
                              c:/vsarm/armcc/102021~1.10/bin/../lib/gcc/arm-none-eabi/10.3.1/../../../../arm-none-eabi/lib/thumb/v6-m/nofp\libc.a(lib_a-mallocr.o) (__malloc_lock)
c:/vsarm/armcc/102021~1.10/bin/../lib/gcc/arm-none-eabi/10.3.1/../../../../arm-none-eabi/lib/thumb/v6-m/nofp\libc.a(lib_a-sbrkr.o)
                              c:/vsarm/armcc/102021~1.10/bin/../lib/gcc/arm-none-eabi/10.3.1/../../../../arm-none-eabi/lib/thumb/v6-m/nofp\libc.a(lib_a-mallocr.o) (_sbrk_r)
c:/vsarm/armcc/102021~1.10/bin/../lib/gcc/arm-none-eabi/10.3.1/../../../../arm-none-eabi/lib/thumb/v6-m/nofp\libc.a(lib_a-scanf.o)
                              CMakeFiles/main.dir/main.c.obj (scanf)
c:/vsarm/armcc/102021~1.10/bin/../lib/gcc/arm-none-eabi/10.3.1/../../../../arm-none-eabi/lib/thumb/v6-m/nofp\libc.a(lib_a-strlen-stub.o)
                              CMakeFiles/main.dir/C_/VSARM/sdk/pico/pico-sdk/src/rp2_common/pico_stdio/stdio.c.obj (strlen)
c:/vsarm/armcc/102021~1.10/bin/../lib/gcc/arm-none-eabi/10.3.1/../../../../arm-none-eabi/lib/thumb/v6-m/nofp\libc.a(lib_a-strtod.o)
                              c:/vsarm/armcc/102021~1.10/bin/../lib/gcc/arm-none-eabi/10.3.1/../../../../arm-none-eabi/lib/thumb/v6-m/nofp\libc.a(lib_a-atof.o) (strtod)
c:/vsarm/armcc/102021~1.10/bin/../lib/gcc/arm-none-eabi/10.3.1/../../../../arm-none-eabi/lib/thumb/v6-m/nofp\libc.a(lib_a-vfscanf.o)
                              c:/vsarm/armcc/102021~1.10/bin/../lib/gcc/arm-none-eabi/10.3.1/../../../../arm-none-eabi/lib/thumb/v6-m/nofp\libc.a(lib_a-scanf.o) (_vfscanf_r)
c:/vsarm/armcc/102021~1.10/bin/../lib/gcc/arm-none-eabi/10.3.1/../../../../arm-none-eabi/lib/thumb/v6-m/nofp\libc.a(lib_a-ctype_.o)
                              c:/vsarm/armcc/102021~1.10/bin/../lib/gcc/arm-none-eabi/10.3.1/../../../../arm-none-eabi/lib/thumb/v6-m/nofp\libc.a(lib_a-vfscanf.o) (_ctype_)
c:/vsarm/armcc/102021~1.10/bin/../lib/gcc/arm-none-eabi/10.3.1/../../../../arm-none-eabi/lib/thumb/v6-m/nofp\libc.a(lib_a-findfp.o)
                              c:/vsarm/armcc/102021~1.10/bin/../lib/gcc/arm-none-eabi/10.3.1/../../../../arm-none-eabi/lib/thumb/v6-m/nofp\libc.a(lib_a-vfscanf.o) (__sinit)
c:/vsarm/armcc/102021~1.10/bin/../lib/gcc/arm-none-eabi/10.3.1/../../../../arm-none-eabi/lib/thumb/v6-m/nofp\libc.a(lib_a-fread.o)
[...]
Memory Configuration

Name             Origin             Length             Attributes
FLASH            0x10000000         0x00200000         xr
RAM              0x20000000         0x00040000         xrw
SCRATCH_X        0x20040000         0x00001000         xrw
SCRATCH_Y        0x20041000         0x00001000         xrw
*default*        0x00000000         0xffffffff

Linker script and memory map

LOAD c:/vsarm/armcc/102021~1.10/bin/../lib/gcc/arm-none-eabi/10.3.1/thumb/v6-m/nofp/crti.o
LOAD c:/vsarm/armcc/102021~1.10/bin/../lib/gcc/arm-none-eabi/10.3.1/thumb/v6-m/nofp/crtbegin.o
LOAD c:/vsarm/armcc/102021~1.10/bin/../lib/gcc/arm-none-eabi/10.3.1/../../../../arm-none-eabi/lib/thumb/v6-m/nofp/crt0.o

.flash_begin    0x10000000        0x0
                0x10000000                __flash_binary_start = .

.boot2          0x10000000      0x100
                0x10000000                __boot2_start__ = .
 *(.boot2)
 .boot2         0x10000000      0x100 C:\Users\THANHT~1\AppData\Local\Temp\cce9iuaK.o
                0x10000100                __boot2_end__ = .
                0x00000001                ASSERT (((__boot2_end__ - __boot2_start__) == 0x100), ERROR: Pico second stage bootloader must be 256 bytes in size)

.text           0x10000100     0xd690
                0x10000100                __logical_binary_start = .
 *(.vectors)
 .vectors       0x10000100       0xd4 CMakeFiles/main.dir/C_/VSARM/sdk/pico/pico-sdk/src/rp2_common/pico_standard_link/crt0.S.obj
                0x10000100                __VECTOR_TABLE
                0x10000100                __vectors
                0x100001c0                isr_invalid
                0x100001c0                __default_isrs_start
                0x100001c2                isr_nmi
                0x100001c4                isr_hardfault
                0x100001c6                isr_svcall
                0x100001c8                isr_pendsv
                0x100001ca                isr_systick
                0x100001cc                isr_irq23
                0x100001cc                isr_irq18
                0x100001cc                isr_irq11
                0x100001cc                isr_irq28
                0x100001cc                isr_irq19
                0x100001cc                isr_irq0
                0x100001cc                isr_irq6
                0x100001cc                isr_irq5
                0x100001cc                isr_irq12
                0x100001cc                isr_irq22
                0x100001cc                isr_irq31
                0x100001cc                isr_irq17
                0x100001cc                isr_irq27
                0x100001cc                isr_irq30
                0x100001cc                isr_irq2
                0x100001cc                isr_irq10
                0x100001cc                isr_irq8
                0x100001cc                isr_irq24
                0x100001cc                isr_irq1
                0x100001cc                isr_irq7
                0x100001cc                isr_irq21
                0x100001cc                isr_irq20
                0x100001cc                isr_irq15
                0x100001cc                isr_irq25
                0x100001cc                isr_irq13
                0x100001cc                __unhandled_user_irq
                0x100001cc                isr_irq4
                0x100001cc                isr_irq16
                0x100001cc                isr_irq29
                0x100001cc                isr_irq26
                0x100001cc                __default_isrs_end
                0x100001cc                isr_irq3
                0x100001cc                isr_irq14
                0x100001cc                isr_irq9
                0x100001d2                unhandled_user_irq_num_in_r0
 *(.binary_info_header)
 .binary_info_header
                0x100001d4       0x14 CMakeFiles/main.dir/C_/VSARM/sdk/pico/pico-sdk/src/rp2_common/pico_standard_link/crt0.S.obj
                0x100001e8                __binary_info_header_end = .
 *(.reset)
 .reset         0x100001e8       0xa8 CMakeFiles/main.dir/C_/VSARM/sdk/pico/pico-sdk/src/rp2_common/pico_standard_link/crt0.S.obj
                0x100001e8                _entry_point
                0x10000266                __get_current_exception
 .reset         0x10000290       0x30 CMakeFiles/main.dir/C_/VSARM/sdk/pico/pico-sdk/src/rp2_common/pico_standard_link/binary_info.c.obj
 *(.init)
 .init          0x100002c0        0x4 c:/vsarm/armcc/102021~1.10/bin/../lib/gcc/arm-none-eabi/10.3.1/thumb/v6-m/nofp/crti.o
                0x100002c0                _init
 *(EXCLUDE_FILE(*libm.a: *libc.a:*lib_a-mem*.o *libgcc.a:) .text*)
 .text          0x100002c4       0x48 c:/vsarm/armcc/102021~1.10/bin/../lib/gcc/arm-none-eabi/10.3.1/thumb/v6-m/nofp/crtbegin.o
 .text.repeating_timer_callback
                0x1000030c       0xe0 CMakeFiles/main.dir/main.c.obj
                0x1000030c                repeating_timer_callback
 .text.startup.main
                0x100003ec      0x228 CMakeFiles/main.dir/main.c.obj
                0x100003ec                main
 .text.gpio_set_function
                0x10000614       0x30 CMakeFiles/main.dir/C_/VSARM/sdk/pico/pico-sdk/src/rp2_common/hardware_gpio/gpio.c.obj
                0x10000614                gpio_set_function
 .text.gpio_set_pulls
                0x10000644       0x30 CMakeFiles/main.dir/C_/VSARM/sdk/pico/pico-sdk/src/rp2_common/hardware_gpio/gpio.c.obj
                0x10000644                gpio_set_pulls
 .text.gpio_init
                0x10000674       0x3c CMakeFiles/main.dir/C_/VSARM/sdk/pico/pico-sdk/src/rp2_common/hardware_gpio/gpio.c.obj
                0x10000674                gpio_init
 .text.hw_claim_lock
                0x100006b0       0x18 CMakeFiles/main.dir/C_/VSARM/sdk/pico/pico-sdk/src/rp2_common/hardware_claim/claim.c.obj
                0x100006b0                hw_claim_lock
 .text.hw_claim_unlock
                0x100006c8       0x14 CMakeFiles/main.dir/C_/VSARM/sdk/pico/pico-sdk/src/rp2_common/hardware_claim/claim.c.obj
                0x100006c8                hw_claim_unlock
 .text.hw_claim_or_assert
                0x100006dc       0x44 CMakeFiles/main.dir/C_/VSARM/sdk/pico/pico-sdk/src/rp2_common/hardware_claim/claim.c.obj
                0x100006dc                hw_claim_or_assert
 .text.hw_claim_unused_from_range
                0x10000720       0x9c CMakeFiles/main.dir/C_/VSARM/sdk/pico/pico-sdk/src/rp2_common/hardware_claim/claim.c.obj
                0x10000720                hw_claim_unused_from_range
 .text.running_on_fpga
                0x100007bc       0x10 CMakeFiles/main.dir/C_/VSARM/sdk/pico/pico-sdk/src/rp2_common/pico_platform/platform.c.obj
                0x100007bc                running_on_fpga
 .text.spin_locks_reset
                0x100007cc       0x1c CMakeFiles/main.dir/C_/VSARM/sdk/pico/pico-sdk/src/rp2_common/hardware_sync/sync.c.obj
                0x100007cc                spin_locks_reset
 .text.next_striped_spin_lock_num
                0x100007e8       0x18 CMakeFiles/main.dir/C_/VSARM/sdk/pico/pico-sdk/src/rp2_common/hardware_sync/sync.c.obj
                0x100007e8                next_striped_spin_lock_num
 .text.spin_lock_claim_unused
                0x10000800       0x20 CMakeFiles/main.dir/C_/VSARM/sdk/pico/pico-sdk/src/rp2_common/hardware_sync/sync.c.obj
                0x10000800                spin_lock_claim_unused
 .text.uart_init
                0x10000820       0xe0 CMakeFiles/main.dir/C_/VSARM/sdk/pico/pico-sdk/src/rp2_common/hardware_uart/uart.c.obj
                0x10000820                uart_init
 .text.timer_pool_entry_comparator
                0x10000900       0x34 CMakeFiles/main.dir/C_/VSARM/sdk/pico/pico-sdk/src/common/pico_time/time.c.obj
                0x10000900                timer_pool_entry_comparator
 .text.repeating_timer_callback
                0x10000934       0x1c CMakeFiles/main.dir/C_/VSARM/sdk/pico/pico-sdk/src/common/pico_time/time.c.obj
 .text.sleep_until_callback
                0x10000950       0x30 CMakeFiles/main.dir/C_/VSARM/sdk/pico/pico-sdk/src/common/pico_time/time.c.obj
 .text.add_alarm_under_lock.isra.0
                0x10000980      0x100 CMakeFiles/main.dir/C_/VSARM/sdk/pico/pico-sdk/src/common/pico_time/time.c.obj
 .text.alarm_pool_alarm_callback
                0x10000a80      0x1c8 CMakeFiles/main.dir/C_/VSARM/sdk/pico/pico-sdk/src/common/pico_time/time.c.obj
 .text.alarm_pool_add_alarm_at.constprop.0
                0x10000c48      0x11c CMakeFiles/main.dir/C_/VSARM/sdk/pico/pico-sdk/src/common/pico_time/time.c.obj
 .text.alarm_pool_init_default
                0x10000d64       0x64 CMakeFiles/main.dir/C_/VSARM/sdk/pico/pico-sdk/src/common/pico_time/time.c.obj
                0x10000d64                alarm_pool_init_default
 .text.alarm_pool_get_default
                0x10000dc8        0x8 CMakeFiles/main.dir/C_/VSARM/sdk/pico/pico-sdk/src/common/pico_time/time.c.obj
                0x10000dc8                alarm_pool_get_default
 .text.alarm_pool_add_alarm_at
                0x10000dd0      0x194 CMakeFiles/main.dir/C_/VSARM/sdk/pico/pico-sdk/src/common/pico_time/time.c.obj
                0x10000dd0                alarm_pool_add_alarm_at
 .text.alarm_pool_add_repeating_timer_us
                0x10000f64      0x22c CMakeFiles/main.dir/C_/VSARM/sdk/pico/pico-sdk/src/common/pico_time/time.c.obj
                0x10000f64                alarm_pool_add_repeating_timer_us
 .text.sleep_until
                0x10001190       0xac CMakeFiles/main.dir/C_/VSARM/sdk/pico/pico-sdk/src/common/pico_time/time.c.obj
                0x10001190                sleep_until
 .text.sleep_ms
                0x1000123c       0x38 CMakeFiles/main.dir/C_/VSARM/sdk/pico/pico-sdk/src/common/pico_time/time.c.obj
                0x1000123c                sleep_ms
 .text.best_effort_wfe_or_timeout
                0x10001274       0xd4 CMakeFiles/main.dir/C_/VSARM/sdk/pico/pico-sdk/src/common/pico_time/time.c.obj
                0x10001274                best_effort_wfe_or_timeout
 .text.hardware_alarm_irq_handler
                0x10001348       0xb8 CMakeFiles/main.dir/C_/VSARM/sdk/pico/pico-sdk/src/rp2_common/hardware_timer/timer.c.obj
 .text.hardware_alarm_claim
                0x10001400       0x18 CMakeFiles/main.dir/C_/VSARM/sdk/pico/pico-sdk/src/rp2_common/hardware_timer/timer.c.obj
                0x10001400                hardware_alarm_claim
 .text.time_us_64
                0x10001418       0x14 CMakeFiles/main.dir/C_/VSARM/sdk/pico/pico-sdk/src/rp2_common/hardware_timer/timer.c.obj
                0x10001418                time_us_64
 .text.busy_wait_us
                0x1000142c       0x54 CMakeFiles/main.dir/C_/VSARM/sdk/pico/pico-sdk/src/rp2_common/hardware_timer/timer.c.obj
                0x1000142c                busy_wait_us
 .text.busy_wait_until
                0x10001480       0x20 CMakeFiles/main.dir/C_/VSARM/sdk/pico/pico-sdk/src/rp2_common/hardware_timer/timer.c.obj
                0x10001480                busy_wait_until
 .text.hardware_alarm_set_callback
                0x100014a0       0x8c CMakeFiles/main.dir/C_/VSARM/sdk/pico/pico-sdk/src/rp2_common/hardware_timer/timer.c.obj
                0x100014a0                hardware_alarm_set_callback
 .text.hardware_alarm_set_target
                0x1000152c       0xe0 CMakeFiles/main.dir/C_/VSARM/sdk/pico/pico-sdk/src/rp2_common/hardware_timer/timer.c.obj
                0x1000152c                hardware_alarm_set_target
 .text.hardware_alarm_cancel
                0x1000160c       0x3c CMakeFiles/main.dir/C_/VSARM/sdk/pico/pico-sdk/src/rp2_common/hardware_timer/timer.c.obj
                0x1000160c                hardware_alarm_cancel
 .text.lock_init
                0x10001648       0x10 CMakeFiles/main.dir/C_/VSARM/sdk/pico/pico-sdk/src/common/pico_sync/lock_core.c.obj
                0x10001648                lock_init
 .text.mutex_init
                0x10001658       0x1c CMakeFiles/main.dir/C_/VSARM/sdk/pico/pico-sdk/src/common/pico_sync/mutex.c.obj
                0x10001658                mutex_init
 .text.recursive_mutex_init
                0x10001674       0x1c CMakeFiles/main.dir/C_/VSARM/sdk/pico/pico-sdk/src/common/pico_sync/mutex.c.obj
                0x10001674                recursive_mutex_init
 .text.critical_section_init
                0x10001690       0x20 CMakeFiles/main.dir/C_/VSARM/sdk/pico/pico-sdk/src/common/pico_sync/critical_section.c.obj
                0x10001690                critical_section_init
 .text.ph_merge_nodes
                0x100016b0       0x68 CMakeFiles/main.dir/C_/VSARM/sdk/pico/pico-sdk/src/common/pico_util/pheap.c.obj
 .text.ph_post_alloc_init
                0x10001718       0x3c CMakeFiles/main.dir/C_/VSARM/sdk/pico/pico-sdk/src/common/pico_util/pheap.c.obj
                0x10001718                ph_post_alloc_init
 .text.ph_merge_two_pass
                0x10001754       0x90 CMakeFiles/main.dir/C_/VSARM/sdk/pico/pico-sdk/src/common/pico_util/pheap.c.obj
                0x10001754                ph_merge_two_pass
 .text.ph_remove_any_head
                0x100017e4       0xf8 CMakeFiles/main.dir/C_/VSARM/sdk/pico/pico-sdk/src/common/pico_util/pheap.c.obj
 .text.ph_remove_head
                0x100018dc       0xfc CMakeFiles/main.dir/C_/VSARM/sdk/pico/pico-sdk/src/common/pico_util/pheap.c.obj
                0x100018dc                ph_remove_head
 .text.ph_remove_and_free_node
                0x100019d8       0x7c CMakeFiles/main.dir/C_/VSARM/sdk/pico/pico-sdk/src/common/pico_util/pheap.c.obj
                0x100019d8                ph_remove_and_free_node
 .text.runtime_init
                0x10001a54       0xf0 CMakeFiles/main.dir/C_/VSARM/sdk/pico/pico-sdk/src/rp2_common/pico_runtime/runtime.c.obj
                0x10001a54                runtime_init
 .text._sbrk    0x10001b44       0x34 CMakeFiles/main.dir/C_/VSARM/sdk/pico/pico-sdk/src/rp2_common/pico_runtime/runtime.c.obj
                0x10001b44                _sbrk
 .text.exit     0x10001b78        0x4 CMakeFiles/main.dir/C_/VSARM/sdk/pico/pico-sdk/src/rp2_common/pico_runtime/runtime.c.obj
                0x10001b78                exit
 .text.__assert_func
                0x10001b7c       0x34 CMakeFiles/main.dir/C_/VSARM/sdk/pico/pico-sdk/src/rp2_common/pico_runtime/runtime.c.obj
                0x10001b7c                __assert_func
 .text.panic    0x10001bb0       0x30 CMakeFiles/main.dir/C_/VSARM/sdk/pico/pico-sdk/src/rp2_common/pico_runtime/runtime.c.obj
                0x10001bb0                panic
 .text.hard_assertion_failure
                0x10001be0        0xc CMakeFiles/main.dir/C_/VSARM/sdk/pico/pico-sdk/src/rp2_common/pico_runtime/runtime.c.obj
                0x10001be0                hard_assertion_failure
 .text.clocks_init
                0x10001bec      0x2bc CMakeFiles/main.dir/C_/VSARM/sdk/pico/pico-sdk/src/rp2_common/hardware_clocks/clocks.c.obj
                0x10001bec                clocks_init
 .text.clock_get_hz
                0x10001ea8        0xc CMakeFiles/main.dir/C_/VSARM/sdk/pico/pico-sdk/src/rp2_common/hardware_clocks/clocks.c.obj
                0x10001ea8                clock_get_hz
 .text.irq_set_enabled
                0x10001eb4       0x24 CMakeFiles/main.dir/C_/VSARM/sdk/pico/pico-sdk/src/rp2_common/hardware_irq/irq.c.obj
                0x10001eb4                irq_set_enabled
 .text.irq_set_pending
                0x10001ed8       0x10 CMakeFiles/main.dir/C_/VSARM/sdk/pico/pico-sdk/src/rp2_common/hardware_irq/irq.c.obj
                0x10001ed8                irq_set_pending
 .text.irq_get_vtable_handler
                0x10001ee8       0x10 CMakeFiles/main.dir/C_/VSARM/sdk/pico/pico-sdk/src/rp2_common/hardware_irq/irq.c.obj
                0x10001ee8                irq_get_vtable_handler
 .text.irq_set_exclusive_handler
                0x10001ef8       0x54 CMakeFiles/main.dir/C_/VSARM/sdk/pico/pico-sdk/src/rp2_common/hardware_irq/irq.c.obj
                0x10001ef8                irq_set_exclusive_handler
 .text.irq_remove_handler
                0x10001f4c      0x1b4 CMakeFiles/main.dir/C_/VSARM/sdk/pico/pico-sdk/src/rp2_common/hardware_irq/irq.c.obj
                0x10001f4c                irq_remove_handler
 .text.irq_add_tail_to_free_list
                0x10002100       0xb4 CMakeFiles/main.dir/C_/VSARM/sdk/pico/pico-sdk/src/rp2_common/hardware_irq/irq.c.obj
                0x10002100                irq_add_tail_to_free_list
 .text.irq_init_priorities
                0x100021b4       0x24 CMakeFiles/main.dir/C_/VSARM/sdk/pico/pico-sdk/src/rp2_common/hardware_irq/irq.c.obj
                0x100021b4                irq_init_priorities
 .text.pll_init
                0x100021d8       0xb0 CMakeFiles/main.dir/C_/VSARM/sdk/pico/pico-sdk/src/rp2_common/hardware_pll/pll.c.obj
                0x100021d8                pll_init
 .text.watchdog_start_tick
                0x10002288       0x10 CMakeFiles/main.dir/C_/VSARM/sdk/pico/pico-sdk/src/rp2_common/hardware_watchdog/watchdog.c.obj
                0x10002288                watchdog_start_tick
 .text.watchdog_reboot
                0x10002298       0x98 CMakeFiles/main.dir/C_/VSARM/sdk/pico/pico-sdk/src/rp2_common/hardware_watchdog/watchdog.c.obj
                0x10002298                watchdog_reboot
 .text.xosc_init
                0x10002330       0x28 CMakeFiles/main.dir/C_/VSARM/sdk/pico/pico-sdk/src/rp2_common/hardware_xosc/xosc.c.obj
                0x10002330                xosc_init
 .text._out_buffer
                0x10002358        0x8 CMakeFiles/main.dir/C_/VSARM/sdk/pico/pico-sdk/src/rp2_common/pico_printf/printf.c.obj
 .text._out_null
                0x10002360        0x4 CMakeFiles/main.dir/C_/VSARM/sdk/pico/pico-sdk/src/rp2_common/pico_printf/printf.c.obj
 .text._out_rev
                0x10002364       0x9c CMakeFiles/main.dir/C_/VSARM/sdk/pico/pico-sdk/src/rp2_common/pico_printf/printf.c.obj
 .text._ntoa_format
                0x10002400      0x1cc CMakeFiles/main.dir/C_/VSARM/sdk/pico/pico-sdk/src/rp2_common/pico_printf/printf.c.obj
 .text._out_char
                0x100025cc       0x10 CMakeFiles/main.dir/C_/VSARM/sdk/pico/pico-sdk/src/rp2_common/pico_printf/printf.c.obj
 .text._out_fct
                0x100025dc       0x10 CMakeFiles/main.dir/C_/VSARM/sdk/pico/pico-sdk/src/rp2_common/pico_printf/printf.c.obj
 .text._etoa    0x100025ec      0x44c CMakeFiles/main.dir/C_/VSARM/sdk/pico/pico-sdk/src/rp2_common/pico_printf/printf.c.obj
 .text._ftoa    0x10002a38      0x398 CMakeFiles/main.dir/C_/VSARM/sdk/pico/pico-sdk/src/rp2_common/pico_printf/printf.c.obj
 .text._vsnprintf
                0x10002dd0      0xb04 CMakeFiles/main.dir/C_/VSARM/sdk/pico/pico-sdk/src/rp2_common/pico_printf/printf.c.obj
 .text.__wrap_sprintf
                0x100038d4       0x28 CMakeFiles/main.dir/C_/VSARM/sdk/pico/pico-sdk/src/rp2_common/pico_printf/printf.c.obj
                0x100038d4                __wrap_sprintf
 .text.vfctprintf
                0x100038fc       0x20 CMakeFiles/main.dir/C_/VSARM/sdk/pico/pico-sdk/src/rp2_common/pico_printf/printf.c.obj
                0x100038fc                vfctprintf
 .text.weak_raw_printf
                0x1000391c       0x40 CMakeFiles/main.dir/C_/VSARM/sdk/pico/pico-sdk/src/rp2_common/pico_printf/printf.c.obj
                0x1000391c                weak_raw_printf
 .text.weak_raw_vprintf
                0x1000395c       0x30 CMakeFiles/main.dir/C_/VSARM/sdk/pico/pico-sdk/src/rp2_common/pico_printf/printf.c.obj
                0x1000395c                weak_raw_vprintf
 .text          0x1000398c       0x10 CMakeFiles/main.dir/C_/VSARM/sdk/pico/pico-sdk/src/rp2_common/pico_bit_ops/bit_ops_aeabi.S.obj
 .text.rom_func_lookup
                0x1000399c       0x10 CMakeFiles/main.dir/C_/VSARM/sdk/pico/pico-sdk/src/rp2_common/pico_bootrom/bootrom.c.obj
                0x1000399c                rom_func_lookup
 .text.rom_data_lookup
                0x100039ac       0x10 CMakeFiles/main.dir/C_/VSARM/sdk/pico/pico-sdk/src/rp2_common/pico_bootrom/bootrom.c.obj
                0x100039ac                rom_data_lookup
 .text.rom_funcs_lookup
                0x100039bc       0x44 CMakeFiles/main.dir/C_/VSARM/sdk/pico/pico-sdk/src/rp2_common/pico_bootrom/bootrom.c.obj
                0x100039bc                rom_funcs_lookup
 .text.__wrap___aeabi_idiv
                0x10003a00       0x50 CMakeFiles/main.dir/C_/VSARM/sdk/pico/pico-sdk/src/rp2_common/pico_divider/divider.S.obj
                0x10003a00                __wrap___aeabi_idivmod
                0x10003a00                divmod_s32s32
                0x10003a00                div_s32s32
                0x10003a00                __wrap___aeabi_idiv
                0x10003a08                divmod_s32s32_unsafe
                0x10003a34                divmod_s32s32_savestate
 .text.__wrap___aeabi_uidiv
                0x10003a50       0x4c CMakeFiles/main.dir/C_/VSARM/sdk/pico/pico-sdk/src/rp2_common/pico_divider/divider.S.obj
                0x10003a50                __wrap___aeabi_uidiv
                0x10003a50                __wrap___aeabi_uidivmod
                0x10003a50                div_u32u32
                0x10003a50                divmod_u32u32
                0x10003a58                divmod_u32u32_unsafe
                0x10003a80                divmod_u32u32_savestate
 .text.__wrap___aeabi_ldiv
                0x10003a9c      0x434 CMakeFiles/main.dir/C_/VSARM/sdk/pico/pico-sdk/src/rp2_common/pico_divider/divider.S.obj
                0x10003a9c                div_s64s64
                0x10003a9c                divmod_s64s64
                0x10003a9c                __wrap___aeabi_ldivmod
                0x10003ad4                divmod_u64u64
                0x10003ad4                div_u64u64
                0x10003ad4                __wrap___aeabi_uldivmod
                0x10003ae4                divmod_u64u64_savestate
                0x10003b0c                divmod_s64s64_unsafe
                0x10003b94                divmod_u64u64_unsafe
 .text.__wrap___aeabi_darithmetic
                0x10003ed0       0x80 CMakeFiles/main.dir/C_/VSARM/sdk/pico/pico-sdk/src/rp2_common/pico_double/double_aeabi.S.obj
                0x10003ed0                __wrap___aeabi_drsub
                0x10003ed6                __wrap___aeabi_dsub
                0x10003ee8                __wrap___aeabi_dadd
                0x10003efa                __wrap___aeabi_ddiv
                0x10003f36                __wrap___aeabi_dmul
 .text.__wrap___aeabi_cdcmple
                0x10003f50       0x6c CMakeFiles/main.dir/C_/VSARM/sdk/pico/pico-sdk/src/rp2_common/pico_double/double_aeabi.S.obj
                0x10003f50                __wrap___aeabi_cdrcmple
                0x10003f60                __wrap___aeabi_cdcmpeq
                0x10003f60                __wrap___aeabi_cdcmple
 .text.__wrap___aeabi_dcmpeq
                0x10003fbc       0x10 CMakeFiles/main.dir/C_/VSARM/sdk/pico/pico-sdk/src/rp2_common/pico_double/double_aeabi.S.obj
                0x10003fbc                __wrap___aeabi_dcmpeq
 .text.__wrap___aeabi_dcmplt
                0x10003fcc        0xc CMakeFiles/main.dir/C_/VSARM/sdk/pico/pico-sdk/src/rp2_common/pico_double/double_aeabi.S.obj
                0x10003fcc                __wrap___aeabi_dcmplt
 .text.__wrap___aeabi_dcmple
                0x10003fd8       0x10 CMakeFiles/main.dir/C_/VSARM/sdk/pico/pico-sdk/src/rp2_common/pico_double/double_aeabi.S.obj
                0x10003fd8                __wrap___aeabi_dcmple
 .text.__wrap___aeabi_dcmpge
                0x10003fe8       0x10 CMakeFiles/main.dir/C_/VSARM/sdk/pico/pico-sdk/src/rp2_common/pico_double/double_aeabi.S.obj
                0x10003fe8                __wrap___aeabi_dcmpge
 .text.__wrap___aeabi_dcmpgt
                0x10003ff8        0xa CMakeFiles/main.dir/C_/VSARM/sdk/pico/pico-sdk/src/rp2_common/pico_double/double_aeabi.S.obj
                0x10003ff8                __wrap___aeabi_dcmpgt
 .text.__wrap___aeabi_dcmpun
                0x10004002       0x1c CMakeFiles/main.dir/C_/VSARM/sdk/pico/pico-sdk/src/rp2_common/pico_double/double_aeabi.S.obj
                0x10004002                __wrap___aeabi_dcmpun
 *fill*         0x1000401e        0x2 
 .text.__wrap___aeabi_i2d
                0x10004020       0x38 CMakeFiles/main.dir/C_/VSARM/sdk/pico/pico-sdk/src/rp2_common/pico_double/double_aeabi.S.obj
                0x10004020                __wrap___aeabi_ui2d
                0x10004028                __wrap___aeabi_i2d
 .text.__wrap___aeabi_d2iz
                0x10004058       0x48 CMakeFiles/main.dir/C_/VSARM/sdk/pico/pico-sdk/src/rp2_common/pico_double/double_aeabi.S.obj
                0x10004058                double2int_z
                0x10004058                __wrap___aeabi_d2iz
 .text.__wrap___aeabi_d2uiz
                0x100040a0       0x18 CMakeFiles/main.dir/C_/VSARM/sdk/pico/pico-sdk/src/rp2_common/pico_double/double_aeabi.S.obj
                0x100040a0                __wrap___aeabi_d2uiz
                0x100040a0                double2uint
 .text.__wrap___aeabi_l2d
                0x100040b8       0x18 CMakeFiles/main.dir/C_/VSARM/sdk/pico/pico-sdk/src/rp2_common/pico_double/double_aeabi.S.obj
                0x100040b8                __wrap___aeabi_l2d
 .text.__wrap___aeabi_ul2d
                0x100040d0       0x18 CMakeFiles/main.dir/C_/VSARM/sdk/pico/pico-sdk/src/rp2_common/pico_double/double_aeabi.S.obj
                0x100040d0                __wrap___aeabi_ul2d
 .text.__wrap___aeabi_d2lz
                0x100040e8       0x26 CMakeFiles/main.dir/C_/VSARM/sdk/pico/pico-sdk/src/rp2_common/pico_double/double_aeabi.S.obj
                0x100040e8                double2int64_z
                0x100040e8                __wrap___aeabi_d2lz
 *fill*         0x1000410e        0x2 
 .text.double2int64
                0x10004110       0x18 CMakeFiles/main.dir/C_/VSARM/sdk/pico/pico-sdk/src/rp2_common/pico_double/double_aeabi.S.obj
                0x10004110                double2int64
 .text.double2ufix64
                0x10004128       0x18 CMakeFiles/main.dir/C_/VSARM/sdk/pico/pico-sdk/src/rp2_common/pico_double/double_aeabi.S.obj
                0x10004128                double2ufix64
 .text.__wrap___aeabi_d2f
                0x10004140       0x18 CMakeFiles/main.dir/C_/VSARM/sdk/pico/pico-sdk/src/rp2_common/pico_double/double_aeabi.S.obj
                0x10004140                __wrap___aeabi_d2f
 .text.__aeabi_double_init
                0x10004158       0x94 CMakeFiles/main.dir/C_/VSARM/sdk/pico/pico-sdk/src/rp2_common/pico_double/double_init_rom.c.obj
                0x10004158                __aeabi_double_init
 .text.double_table_shim_on_use_helper
                0x100041ec       0x2c CMakeFiles/main.dir/C_/VSARM/sdk/pico/pico-sdk/src/rp2_common/pico_double/double_v1_rom_shim.S.obj
                0x100041ec                double_table_shim_on_use_helper
 .text.__wrap___aeabi_dsub
                0x10004218       0x10 CMakeFiles/main.dir/C_/VSARM/sdk/pico/pico-sdk/src/rp2_common/pico_double/double_v1_rom_shim.S.obj
                0x10004218                drsub_shim
                0x1000421e                dsub_shim
 .text.dadd_shim
                0x10004228      0x15c CMakeFiles/main.dir/C_/VSARM/sdk/pico/pico-sdk/src/rp2_common/pico_double/double_v1_rom_shim.S.obj
                0x10004228                dadd_shim
 .text.dmul_shim
                0x10004384      0x15c CMakeFiles/main.dir/C_/VSARM/sdk/pico/pico-sdk/src/rp2_common/pico_double/double_v1_rom_shim.S.obj
                0x10004384                dmul_shim
 .text.ddiv_shim
                0x100044e0      0x1b0 CMakeFiles/main.dir/C_/VSARM/sdk/pico/pico-sdk/src/rp2_common/pico_double/double_v1_rom_shim.S.obj
                0x100044e0                ddiv_shim
 .text.double2uint_shim
                0x10004690        0xe CMakeFiles/main.dir/C_/VSARM/sdk/pico/pico-sdk/src/rp2_common/pico_double/double_v1_rom_shim.S.obj
                0x10004690                double2uint_shim
                0x10004692                double2ufix_shim
 .text.double2int64_shim
                0x1000469e       0x1a CMakeFiles/main.dir/C_/VSARM/sdk/pico/pico-sdk/src/rp2_common/pico_double/double_v1_rom_shim.S.obj
                0x1000469e                double2int64_shim
                0x100046a0                double2fix64_shim
 .text.double2uint64_shim
                0x100046b8       0x70 CMakeFiles/main.dir/C_/VSARM/sdk/pico/pico-sdk/src/rp2_common/pico_double/double_v1_rom_shim.S.obj
                0x100046b8                double2uint64_shim
                0x100046ba                double2ufix64_shim
                0x100046da                d2fix_a
 .text.double2float_shim
                0x10004728       0x5c CMakeFiles/main.dir/C_/VSARM/sdk/pico/pico-sdk/src/rp2_common/pico_double/double_v1_rom_shim.S.obj
                0x10004728                double2float_shim
 .text.x2double_shims
                0x10004784       0x90 CMakeFiles/main.dir/C_/VSARM/sdk/pico/pico-sdk/src/rp2_common/pico_double/double_v1_rom_shim.S.obj
                0x10004784                uint2double_shim
                0x10004786                ufix2double_shim
                0x1000478c                int2double_shim
                0x1000478e                fix2double_shim
                0x10004794                uint642double_shim
                0x10004796                ufix642double_shim
                0x1000479c                int642double_shim
                0x1000479e                fix642double_shim
 .text.dunpacks
                0x10004814       0x3c CMakeFiles/main.dir/C_/VSARM/sdk/pico/pico-sdk/src/rp2_common/pico_double/double_v1_rom_shim.S.obj
                0x10004814                dunpacks
 .text.__aeabi_lmul
                0x10004850       0x32 CMakeFiles/main.dir/C_/VSARM/sdk/pico/pico-sdk/src/rp2_common/pico_int64_ops/pico_int64_ops_aeabi.S.obj
                0x10004850                __wrap___aeabi_lmul
 *fill*         0x10004882        0x2 
 .text.__aeabi_float_init
                0x10004884       0x64 CMakeFiles/main.dir/C_/VSARM/sdk/pico/pico-sdk/src/rp2_common/pico_float/float_init_rom.c.obj
                0x10004884                __aeabi_float_init
 .text.float_table_shim_on_use_helper
                0x100048e8       0x2c CMakeFiles/main.dir/C_/VSARM/sdk/pico/pico-sdk/src/rp2_common/pico_float/float_v1_rom_shim.S.obj
                0x100048e8                float_table_shim_on_use_helper
 .text.__wrap_malloc
                0x10004914       0x3c CMakeFiles/main.dir/C_/VSARM/sdk/pico/pico-sdk/src/rp2_common/pico_malloc/pico_malloc.c.obj
                0x10004914                __wrap_malloc
 .text.__wrap_free
                0x10004950       0x20 CMakeFiles/main.dir/C_/VSARM/sdk/pico/pico-sdk/src/rp2_common/pico_malloc/pico_malloc.c.obj
                0x10004950                __wrap_free
 .text          0x10004970       0x10 CMakeFiles/main.dir/C_/VSARM/sdk/pico/pico-sdk/src/rp2_common/pico_mem_ops/mem_ops_aeabi.S.obj
                0x10004970                __aeabi_mem_init
 .text.memset   0x10004980        0xc CMakeFiles/main.dir/C_/VSARM/sdk/pico/pico-sdk/src/rp2_common/pico_mem_ops/mem_ops_aeabi.S.obj
                0x10004980                __wrap_memset
 .text.memcpy   0x1000498c        0xc CMakeFiles/main.dir/C_/VSARM/sdk/pico/pico-sdk/src/rp2_common/pico_mem_ops/mem_ops_aeabi.S.obj
                0x1000498c                __wrap_memcpy
                0x1000498c                __wrap___aeabi_memcpy
 .text.stdio_out_chars_no_crlf
                0x10004998       0x10 CMakeFiles/main.dir/C_/VSARM/sdk/pico/pico-sdk/src/rp2_common/pico_stdio/stdio.c.obj
 .text.stdio_out_chars_crlf
                0x100049a8       0xb4 CMakeFiles/main.dir/C_/VSARM/sdk/pico/pico-sdk/src/rp2_common/pico_stdio/stdio.c.obj
 .text.stdio_buffered_printer
                0x10004a5c       0x64 CMakeFiles/main.dir/C_/VSARM/sdk/pico/pico-sdk/src/rp2_common/pico_stdio/stdio.c.obj
 .text.stdio_put_string.isra.0
                0x10004ac0       0xfc CMakeFiles/main.dir/C_/VSARM/sdk/pico/pico-sdk/src/rp2_common/pico_stdio/stdio.c.obj
 .text.__wrap_putchar
                0x10004bbc       0xa0 CMakeFiles/main.dir/C_/VSARM/sdk/pico/pico-sdk/src/rp2_common/pico_stdio/stdio.c.obj
                0x10004bbc                __wrap_putchar
 .text.__wrap_puts
                0x10004c5c       0x3c CMakeFiles/main.dir/C_/VSARM/sdk/pico/pico-sdk/src/rp2_common/pico_stdio/stdio.c.obj
                0x10004c5c                __wrap_puts
 .text._read    0x10004c98       0x98 CMakeFiles/main.dir/C_/VSARM/sdk/pico/pico-sdk/src/rp2_common/pico_stdio/stdio.c.obj
                0x10004c98                _read
 .text._write   0x10004d30       0xac CMakeFiles/main.dir/C_/VSARM/sdk/pico/pico-sdk/src/rp2_common/pico_stdio/stdio.c.obj
                0x10004d30                _write
 .text.stdio_set_driver_enabled
                0x10004ddc       0x30 CMakeFiles/main.dir/C_/VSARM/sdk/pico/pico-sdk/src/rp2_common/pico_stdio/stdio.c.obj
                0x10004ddc                stdio_set_driver_enabled
 .text.__wrap_vprintf
                0x10004e0c       0xd8 CMakeFiles/main.dir/C_/VSARM/sdk/pico/pico-sdk/src/rp2_common/pico_stdio/stdio.c.obj
                0x10004e0c                __wrap_vprintf
 .text.__wrap_printf
                0x10004ee4       0x18 CMakeFiles/main.dir/C_/VSARM/sdk/pico/pico-sdk/src/rp2_common/pico_stdio/stdio.c.obj
                0x10004ee4                __wrap_printf
 .text.stdio_init_all
                0x10004efc        0xc CMakeFiles/main.dir/C_/VSARM/sdk/pico/pico-sdk/src/rp2_common/pico_stdio/stdio.c.obj
                0x10004efc                stdio_init_all
 .text.stdio_uart_out_chars
                0x10004f08       0x4c CMakeFiles/main.dir/C_/VSARM/sdk/pico/pico-sdk/src/rp2_common/pico_stdio_uart/stdio_uart.c.obj
 .text.stdio_uart_in_chars
                0x10004f54       0x38 CMakeFiles/main.dir/C_/VSARM/sdk/pico/pico-sdk/src/rp2_common/pico_stdio_uart/stdio_uart.c.obj
                0x10004f54                stdio_uart_in_chars
 .text.stdio_uart_init
                0x10004f8c       0x48 CMakeFiles/main.dir/C_/VSARM/sdk/pico/pico-sdk/src/rp2_common/pico_stdio_uart/stdio_uart.c.obj
                0x10004f8c                stdio_uart_init
 .text.resetd_init
                0x10004fd4        0x4 CMakeFiles/main.dir/C_/VSARM/sdk/pico/pico-sdk/src/rp2_common/pico_stdio_usb/reset_interface.c.obj
 .text.resetd_reset
                0x10004fd8        0xc CMakeFiles/main.dir/C_/VSARM/sdk/pico/pico-sdk/src/rp2_common/pico_stdio_usb/reset_interface.c.obj
 .text.resetd_open
                0x10004fe4       0x28 CMakeFiles/main.dir/C_/VSARM/sdk/pico/pico-sdk/src/rp2_common/pico_stdio_usb/reset_interface.c.obj
 .text.resetd_xfer_cb
                0x1000500c        0x4 CMakeFiles/main.dir/C_/VSARM/sdk/pico/pico-sdk/src/rp2_common/pico_stdio_usb/reset_interface.c.obj
 .text.resetd_control_xfer_cb
                0x10005010       0x64 CMakeFiles/main.dir/C_/VSARM/sdk/pico/pico-sdk/src/rp2_common/pico_stdio_usb/reset_interface.c.obj
 .text.usbd_app_driver_get_cb
                0x10005074        0xc CMakeFiles/main.dir/C_/VSARM/sdk/pico/pico-sdk/src/rp2_common/pico_stdio_usb/reset_interface.c.obj
                0x10005074                usbd_app_driver_get_cb
 .text.tud_cdc_line_coding_cb
                0x10005080       0x34 CMakeFiles/main.dir/C_/VSARM/sdk/pico/pico-sdk/src/rp2_common/pico_stdio_usb/reset_interface.c.obj
                0x10005080                tud_cdc_line_coding_cb
 .text.stdio_usb_in_chars
                0x100050b4       0x68 CMakeFiles/main.dir/C_/VSARM/sdk/pico/pico-sdk/src/rp2_common/pico_stdio_usb/stdio_usb.c.obj
                0x100050b4                stdio_usb_in_chars
 .text.stdio_usb_out_chars
                0x1000511c       0xe4 CMakeFiles/main.dir/C_/VSARM/sdk/pico/pico-sdk/src/rp2_common/pico_stdio_usb/stdio_usb.c.obj
 .text.timer_task
                0x10005200       0x10 CMakeFiles/main.dir/C_/VSARM/sdk/pico/pico-sdk/src/rp2_common/pico_stdio_usb/stdio_usb.c.obj
 .text.low_priority_worker_irq
                0x10005210       0x24 CMakeFiles/main.dir/C_/VSARM/sdk/pico/pico-sdk/src/rp2_common/pico_stdio_usb/stdio_usb.c.obj
 .text.stdio_usb_init
                0x10005234       0x90 CMakeFiles/main.dir/C_/VSARM/sdk/pico/pico-sdk/src/rp2_common/pico_stdio_usb/stdio_usb.c.obj
                0x10005234                stdio_usb_init
 .text.tud_descriptor_device_cb
                0x100052c4        0x8 CMakeFiles/main.dir/C_/VSARM/sdk/pico/pico-sdk/src/rp2_common/pico_stdio_usb/stdio_usb_descriptors.c.obj
                0x100052c4                tud_descriptor_device_cb
 .text.tud_descriptor_configuration_cb
                0x100052cc        0x8 CMakeFiles/main.dir/C_/VSARM/sdk/pico/pico-sdk/src/rp2_common/pico_stdio_usb/stdio_usb_descriptors.c.obj
                0x100052cc                tud_descriptor_configuration_cb
 .text.tud_descriptor_string_cb
                0x100052d4       0x74 CMakeFiles/main.dir/C_/VSARM/sdk/pico/pico-sdk/src/rp2_common/pico_stdio_usb/stdio_usb_descriptors.c.obj
                0x100052d4                tud_descriptor_string_cb
 .text.dcd_rp2040_irq
                0x10005348      0x21c CMakeFiles/main.dir/C_/VSARM/sdk/pico/pico-sdk/lib/tinyusb/src/portable/raspberrypi/rp2040/dcd_rp2040.c.obj
 .text.dcd_int_enable
                0x10005564        0xc CMakeFiles/main.dir/C_/VSARM/sdk/pico/pico-sdk/lib/tinyusb/src/portable/raspberrypi/rp2040/dcd_rp2040.c.obj
                0x10005564                dcd_int_enable
 .text.dcd_set_address
                0x10005570       0x14 CMakeFiles/main.dir/C_/VSARM/sdk/pico/pico-sdk/lib/tinyusb/src/portable/raspberrypi/rp2040/dcd_rp2040.c.obj
                0x10005570                dcd_set_address
 .text.dcd_connect
                0x10005584       0x10 CMakeFiles/main.dir/C_/VSARM/sdk/pico/pico-sdk/lib/tinyusb/src/portable/raspberrypi/rp2040/dcd_rp2040.c.obj
                0x10005584                dcd_connect
 .text.dcd_init
                0x10005594      0x144 CMakeFiles/main.dir/C_/VSARM/sdk/pico/pico-sdk/lib/tinyusb/src/portable/raspberrypi/rp2040/dcd_rp2040.c.obj
                0x10005594                dcd_init
 .text.dcd_edpt0_status_complete
                0x100056d8       0x1c CMakeFiles/main.dir/C_/VSARM/sdk/pico/pico-sdk/lib/tinyusb/src/portable/raspberrypi/rp2040/dcd_rp2040.c.obj
                0x100056d8                dcd_edpt0_status_complete
 .text.dcd_edpt_open
                0x100056f4       0xf0 CMakeFiles/main.dir/C_/VSARM/sdk/pico/pico-sdk/lib/tinyusb/src/portable/raspberrypi/rp2040/dcd_rp2040.c.obj
                0x100056f4                dcd_edpt_open
 .text.dcd_edpt_close_all
                0x100057e4       0xbc CMakeFiles/main.dir/C_/VSARM/sdk/pico/pico-sdk/lib/tinyusb/src/portable/raspberrypi/rp2040/dcd_rp2040.c.obj
                0x100057e4                dcd_edpt_close_all
 .text.dcd_edpt_xfer
                0x100058a0       0x24 CMakeFiles/main.dir/C_/VSARM/sdk/pico/pico-sdk/lib/tinyusb/src/portable/raspberrypi/rp2040/dcd_rp2040.c.obj
                0x100058a0                dcd_edpt_xfer
 .text.dcd_edpt_stall
                0x100058c4       0x38 CMakeFiles/main.dir/C_/VSARM/sdk/pico/pico-sdk/lib/tinyusb/src/portable/raspberrypi/rp2040/dcd_rp2040.c.obj
                0x100058c4                dcd_edpt_stall
 .text.dcd_edpt_clear_stall
                0x100058fc       0x30 CMakeFiles/main.dir/C_/VSARM/sdk/pico/pico-sdk/lib/tinyusb/src/portable/raspberrypi/rp2040/dcd_rp2040.c.obj
                0x100058fc                dcd_edpt_clear_stall
 .text._hw_endpoint_buffer_control_update32.part.0.isra.0
                0x1000592c       0x1c CMakeFiles/main.dir/C_/VSARM/sdk/pico/pico-sdk/lib/tinyusb/src/portable/raspberrypi/rp2040/rp2040_usb.c.obj
 .text.rp2040_usb_init
                0x10005948       0x4c CMakeFiles/main.dir/C_/VSARM/sdk/pico/pico-sdk/lib/tinyusb/src/portable/raspberrypi/rp2040/rp2040_usb.c.obj
                0x10005948                rp2040_usb_init
 .text.hw_endpoint_reset_transfer
                0x10005994        0xc CMakeFiles/main.dir/C_/VSARM/sdk/pico/pico-sdk/lib/tinyusb/src/portable/raspberrypi/rp2040/rp2040_usb.c.obj
                0x10005994                hw_endpoint_reset_transfer
 .text._hw_endpoint_buffer_control_update32
                0x100059a0       0x44 CMakeFiles/main.dir/C_/VSARM/sdk/pico/pico-sdk/lib/tinyusb/src/portable/raspberrypi/rp2040/rp2040_usb.c.obj
                0x100059a0                _hw_endpoint_buffer_control_update32
 .text.hw_endpoint_xfer_start
                0x100059e4      0x138 CMakeFiles/main.dir/C_/VSARM/sdk/pico/pico-sdk/lib/tinyusb/src/portable/raspberrypi/rp2040/rp2040_usb.c.obj
                0x100059e4                hw_endpoint_xfer_start
 .text.hw_endpoint_xfer_continue
                0x10005b1c      0x1e4 CMakeFiles/main.dir/C_/VSARM/sdk/pico/pico-sdk/lib/tinyusb/src/portable/raspberrypi/rp2040/rp2040_usb.c.obj
                0x10005b1c                hw_endpoint_xfer_continue
 .text.tud_mounted
                0x10005d00       0x10 CMakeFiles/main.dir/C_/VSARM/sdk/pico/pico-sdk/lib/tinyusb/src/device/usbd.c.obj
                0x10005d00                tud_mounted
 .text.tud_suspended
                0x10005d10       0x10 CMakeFiles/main.dir/C_/VSARM/sdk/pico/pico-sdk/lib/tinyusb/src/device/usbd.c.obj
                0x10005d10                tud_suspended
 .text.tud_inited
                0x10005d20        0xc CMakeFiles/main.dir/C_/VSARM/sdk/pico/pico-sdk/lib/tinyusb/src/device/usbd.c.obj
                0x10005d20                tud_inited
 .text.tud_init
                0x10005d2c       0xd8 CMakeFiles/main.dir/C_/VSARM/sdk/pico/pico-sdk/lib/tinyusb/src/device/usbd.c.obj
                0x10005d2c                tud_init
 .text.tud_task
                0x10005e04      0x8ec CMakeFiles/main.dir/C_/VSARM/sdk/pico/pico-sdk/lib/tinyusb/src/device/usbd.c.obj
                0x10005e04                tud_task
 .text.dcd_event_bus_signal
                0x100066f0      0x120 CMakeFiles/main.dir/C_/VSARM/sdk/pico/pico-sdk/lib/tinyusb/src/device/usbd.c.obj
                0x100066f0                dcd_event_bus_signal
 .text.dcd_event_bus_reset
                0x10006810       0x54 CMakeFiles/main.dir/C_/VSARM/sdk/pico/pico-sdk/lib/tinyusb/src/device/usbd.c.obj
                0x10006810                dcd_event_bus_reset
 .text.dcd_event_setup_received
                0x10006864       0x50 CMakeFiles/main.dir/C_/VSARM/sdk/pico/pico-sdk/lib/tinyusb/src/device/usbd.c.obj
                0x10006864                dcd_event_setup_received
 .text.dcd_event_xfer_complete
                0x100068b4       0x68 CMakeFiles/main.dir/C_/VSARM/sdk/pico/pico-sdk/lib/tinyusb/src/device/usbd.c.obj
                0x100068b4                dcd_event_xfer_complete
 .text.usbd_open_edpt_pair
                0x1000691c       0x80 CMakeFiles/main.dir/C_/VSARM/sdk/pico/pico-sdk/lib/tinyusb/src/device/usbd.c.obj
                0x1000691c                usbd_open_edpt_pair
 .text.usbd_edpt_open
                0x1000699c       0x30 CMakeFiles/main.dir/C_/VSARM/sdk/pico/pico-sdk/lib/tinyusb/src/device/usbd.c.obj
                0x1000699c                usbd_edpt_open
 .text.usbd_edpt_claim
                0x100069cc       0x64 CMakeFiles/main.dir/C_/VSARM/sdk/pico/pico-sdk/lib/tinyusb/src/device/usbd.c.obj
                0x100069cc                usbd_edpt_claim
 .text.usbd_edpt_release
                0x10006a30       0x4c CMakeFiles/main.dir/C_/VSARM/sdk/pico/pico-sdk/lib/tinyusb/src/device/usbd.c.obj
                0x10006a30                usbd_edpt_release
 .text.usbd_edpt_xfer
                0x10006a7c       0x48 CMakeFiles/main.dir/C_/VSARM/sdk/pico/pico-sdk/lib/tinyusb/src/device/usbd.c.obj
                0x10006a7c                usbd_edpt_xfer
 .text.tud_control_status
                0x10006ac4       0x30 CMakeFiles/main.dir/C_/VSARM/sdk/pico/pico-sdk/lib/tinyusb/src/device/usbd_control.c.obj
                0x10006ac4                tud_control_status
 .text.tud_control_xfer
                0x10006af4       0xbc CMakeFiles/main.dir/C_/VSARM/sdk/pico/pico-sdk/lib/tinyusb/src/device/usbd_control.c.obj
                0x10006af4                tud_control_xfer
 .text.usbd_control_reset
                0x10006bb0       0x14 CMakeFiles/main.dir/C_/VSARM/sdk/pico/pico-sdk/lib/tinyusb/src/device/usbd_control.c.obj
                0x10006bb0                usbd_control_reset
 .text.usbd_control_set_complete_callback
                0x10006bc4        0xc CMakeFiles/main.dir/C_/VSARM/sdk/pico/pico-sdk/lib/tinyusb/src/device/usbd_control.c.obj
                0x10006bc4                usbd_control_set_complete_callback
 .text.usbd_control_set_request
                0x10006bd0       0x1c CMakeFiles/main.dir/C_/VSARM/sdk/pico/pico-sdk/lib/tinyusb/src/device/usbd_control.c.obj
                0x10006bd0                usbd_control_set_request
 .text.usbd_control_xfer_cb
                0x10006bec       0xfc CMakeFiles/main.dir/C_/VSARM/sdk/pico/pico-sdk/lib/tinyusb/src/device/usbd_control.c.obj
                0x10006bec                usbd_control_xfer_cb
 .text.tud_cdc_n_connected
                0x10006ce8       0x30 CMakeFiles/main.dir/C_/VSARM/sdk/pico/pico-sdk/lib/tinyusb/src/class/cdc/cdc_device.c.obj
                0x10006ce8                tud_cdc_n_connected
 .text.tud_cdc_n_available
                0x10006d18       0x18 CMakeFiles/main.dir/C_/VSARM/sdk/pico/pico-sdk/lib/tinyusb/src/class/cdc/cdc_device.c.obj
                0x10006d18                tud_cdc_n_available
 .text.tud_cdc_n_read
                0x10006d30       0x70 CMakeFiles/main.dir/C_/VSARM/sdk/pico/pico-sdk/lib/tinyusb/src/class/cdc/cdc_device.c.obj
                0x10006d30                tud_cdc_n_read
 .text.tud_cdc_n_write_flush
                0x10006da0       0x78 CMakeFiles/main.dir/C_/VSARM/sdk/pico/pico-sdk/lib/tinyusb/src/class/cdc/cdc_device.c.obj
                0x10006da0                tud_cdc_n_write_flush
 .text.tud_cdc_n_write
                0x10006e18       0x34 CMakeFiles/main.dir/C_/VSARM/sdk/pico/pico-sdk/lib/tinyusb/src/class/cdc/cdc_device.c.obj
                0x10006e18                tud_cdc_n_write
 .text.tud_cdc_n_write_available
                0x10006e4c       0x18 CMakeFiles/main.dir/C_/VSARM/sdk/pico/pico-sdk/lib/tinyusb/src/class/cdc/cdc_device.c.obj
                0x10006e4c                tud_cdc_n_write_available
 .text.cdcd_init
                0x10006e64       0x7c CMakeFiles/main.dir/C_/VSARM/sdk/pico/pico-sdk/lib/tinyusb/src/class/cdc/cdc_device.c.obj
                0x10006e64                cdcd_init
 .text.cdcd_reset
                0x10006ee0       0x2c CMakeFiles/main.dir/C_/VSARM/sdk/pico/pico-sdk/lib/tinyusb/src/class/cdc/cdc_device.c.obj
                0x10006ee0                cdcd_reset
 .text.cdcd_open
                0x10006f0c       0xe4 CMakeFiles/main.dir/C_/VSARM/sdk/pico/pico-sdk/lib/tinyusb/src/class/cdc/cdc_device.c.obj
                0x10006f0c                cdcd_open
 .text.cdcd_control_xfer_cb
                0x10006ff0       0xe4 CMakeFiles/main.dir/C_/VSARM/sdk/pico/pico-sdk/lib/tinyusb/src/class/cdc/cdc_device.c.obj
                0x10006ff0                cdcd_control_xfer_cb
 .text.cdcd_xfer_cb
                0x100070d4      0x148 CMakeFiles/main.dir/C_/VSARM/sdk/pico/pico-sdk/lib/tinyusb/src/class/cdc/cdc_device.c.obj
                0x100070d4                cdcd_xfer_cb
 .text.tusb_init
                0x1000721c        0xc CMakeFiles/main.dir/C_/VSARM/sdk/pico/pico-sdk/lib/tinyusb/src/tusb.c.obj
                0x1000721c                tusb_init
 .text.tusb_inited
                0x10007228        0x8 CMakeFiles/main.dir/C_/VSARM/sdk/pico/pico-sdk/lib/tinyusb/src/tusb.c.obj
                0x10007228                tusb_inited
 .text.tu_edpt_validate
                0x10007230       0x78 CMakeFiles/main.dir/C_/VSARM/sdk/pico/pico-sdk/lib/tinyusb/src/tusb.c.obj
                0x10007230                tu_edpt_validate
 .text.tu_edpt_bind_driver
                0x100072a8       0x2c CMakeFiles/main.dir/C_/VSARM/sdk/pico/pico-sdk/lib/tinyusb/src/tusb.c.obj
                0x100072a8                tu_edpt_bind_driver
 .text.tu_fifo_config
                0x100072d4       0x78 CMakeFiles/main.dir/C_/VSARM/sdk/pico/pico-sdk/lib/tinyusb/src/common/tusb_fifo.c.obj
                0x100072d4                tu_fifo_config
 .text.tu_fifo_count
                0x1000734c       0x20 CMakeFiles/main.dir/C_/VSARM/sdk/pico/pico-sdk/lib/tinyusb/src/common/tusb_fifo.c.obj
                0x1000734c                tu_fifo_count
 .text.tu_fifo_empty
                0x1000736c       0x10 CMakeFiles/main.dir/C_/VSARM/sdk/pico/pico-sdk/lib/tinyusb/src/common/tusb_fifo.c.obj
                0x1000736c                tu_fifo_empty
 .text.tu_fifo_remaining
                0x1000737c       0x1c CMakeFiles/main.dir/C_/VSARM/sdk/pico/pico-sdk/lib/tinyusb/src/common/tusb_fifo.c.obj
                0x1000737c                tu_fifo_remaining
 .text.tu_fifo_read
                0x10007398       0x9c CMakeFiles/main.dir/C_/VSARM/sdk/pico/pico-sdk/lib/tinyusb/src/common/tusb_fifo.c.obj
                0x10007398                tu_fifo_read
 .text.tu_fifo_read_n
                0x10007434      0x100 CMakeFiles/main.dir/C_/VSARM/sdk/pico/pico-sdk/lib/tinyusb/src/common/tusb_fifo.c.obj
                0x10007434                tu_fifo_read_n
 .text.tu_fifo_write
                0x10007534       0x7c CMakeFiles/main.dir/C_/VSARM/sdk/pico/pico-sdk/lib/tinyusb/src/common/tusb_fifo.c.obj
                0x10007534                tu_fifo_write
 .text.tu_fifo_write_n
                0x100075b0      0x100 CMakeFiles/main.dir/C_/VSARM/sdk/pico/pico-sdk/lib/tinyusb/src/common/tusb_fifo.c.obj
                0x100075b0                tu_fifo_write_n
 .text.tu_fifo_clear
                0x100076b0       0x4c CMakeFiles/main.dir/C_/VSARM/sdk/pico/pico-sdk/lib/tinyusb/src/common/tusb_fifo.c.obj
                0x100076b0                tu_fifo_clear
 .text.tu_fifo_set_overwritable
                0x100076fc       0x3c CMakeFiles/main.dir/C_/VSARM/sdk/pico/pico-sdk/lib/tinyusb/src/common/tusb_fifo.c.obj
                0x100076fc                tu_fifo_set_overwritable
 .text.startup._retrieve_unique_id_on_boot
                0x10007738       0x10 CMakeFiles/main.dir/C_/VSARM/sdk/pico/pico-sdk/src/rp2_common/pico_unique_id/unique_id.c.obj
 .text.pico_get_unique_board_id_string
                0x10007748      0x1a8 CMakeFiles/main.dir/C_/VSARM/sdk/pico/pico-sdk/src/rp2_common/pico_unique_id/unique_id.c.obj
                0x10007748                pico_get_unique_board_id_string
 .text.flash_get_unique_id
                0x100078f0       0x40 CMakeFiles/main.dir/C_/VSARM/sdk/pico/pico-sdk/src/rp2_common/hardware_flash/flash.c.obj
                0x100078f0                flash_get_unique_id
 .text.pio_add_program
                0x10007930       0xc8 CMakeFiles/main.dir/C_/VSARM/sdk/pico/pico-sdk/src/rp2_common/hardware_pio/pio.c.obj
                0x10007930                pio_add_program
 .text.pio_sm_set_consecutive_pindirs
                0x100079f8       0x84 CMakeFiles/main.dir/C_/VSARM/sdk/pico/pico-sdk/src/rp2_common/hardware_pio/pio.c.obj
                0x100079f8                pio_sm_set_consecutive_pindirs
 .text.pio_sm_init
                0x10007a7c       0x90 CMakeFiles/main.dir/C_/VSARM/sdk/pico/pico-sdk/src/rp2_common/hardware_pio/pio.c.obj
                0x10007a7c                pio_sm_init
 .text.atof     0x10007b0c        0xc c:/vsarm/armcc/102021~1.10/bin/../lib/gcc/arm-none-eabi/10.3.1/../../../../arm-none-eabi/lib/thumb/v6-m/nofp\libc.a(lib_a-atof.o)
                0x10007b0c                atof
 .text._calloc_r
                0x10007b18       0x9c c:/vsarm/armcc/102021~1.10/bin/../lib/gcc/arm-none-eabi/10.3.1/../../../../arm-none-eabi/lib/thumb/v6-m/nofp\libc.a(lib_a-callocr.o)
                0x10007b18                _calloc_r
 .text.__errno  0x10007bb4        0xc c:/vsarm/armcc/102021~1.10/bin/../lib/gcc/arm-none-eabi/10.3.1/../../../../arm-none-eabi/lib/thumb/v6-m/nofp\libc.a(lib_a-errno.o)
                0x10007bb4                __errno
 .text.malloc   0x10007bc0       0x14 c:/vsarm/armcc/102021~1.10/bin/../lib/gcc/arm-none-eabi/10.3.1/../../../../arm-none-eabi/lib/thumb/v6-m/nofp\libc.a(lib_a-malloc.o)
                0x10007bc0                malloc
 .text.free     0x10007bd4       0x14 c:/vsarm/armcc/102021~1.10/bin/../lib/gcc/arm-none-eabi/10.3.1/../../../../arm-none-eabi/lib/thumb/v6-m/nofp\libc.a(lib_a-malloc.o)
                0x10007bd4                free
 .text._malloc_r
                0x10007be8      0x584 c:/vsarm/armcc/102021~1.10/bin/../lib/gcc/arm-none-eabi/10.3.1/../../../../arm-none-eabi/lib/thumb/v6-m/nofp\libc.a(lib_a-mallocr.o)
                0x10007be8                _malloc_r
 .text.__malloc_lock
                0x1000816c       0x10 c:/vsarm/armcc/102021~1.10/bin/../lib/gcc/arm-none-eabi/10.3.1/../../../../arm-none-eabi/lib/thumb/v6-m/nofp\libc.a(lib_a-mlock.o)
                0x1000816c                __malloc_lock
 .text.__malloc_unlock
                0x1000817c       0x10 c:/vsarm/armcc/102021~1.10/bin/../lib/gcc/arm-none-eabi/10.3.1/../../../../arm-none-eabi/lib/thumb/v6-m/nofp\libc.a(lib_a-mlock.o)
                0x1000817c                __malloc_unlock
 .text._sbrk_r  0x1000818c       0x24 c:/vsarm/armcc/102021~1.10/bin/../lib/gcc/arm-none-eabi/10.3.1/../../../../arm-none-eabi/lib/thumb/v6-m/nofp\libc.a(lib_a-sbrkr.o)
                0x1000818c                _sbrk_r
 .text.scanf    0x100081b0       0x24 c:/vsarm/armcc/102021~1.10/bin/../lib/gcc/arm-none-eabi/10.3.1/../../../../arm-none-eabi/lib/thumb/v6-m/nofp\libc.a(lib_a-scanf.o)
                0x100081b0                scanf
 .text.strlen   0x100081d4       0x5c c:/vsarm/armcc/102021~1.10/bin/../lib/gcc/arm-none-eabi/10.3.1/../../../../arm-none-eabi/lib/thumb/v6-m/nofp\libc.a(lib_a-strlen-stub.o)
                0x100081d4                strlen
 .text._strtod_l
                0x10008230      0xf78 c:/vsarm/armcc/102021~1.10/bin/../lib/gcc/arm-none-eabi/10.3.1/../../../../arm-none-eabi/lib/thumb/v6-m/nofp\libc.a(lib_a-strtod.o)
                0x10008230                _strtod_l
 .text._strtod_r
                0x100091a8       0x10 c:/vsarm/armcc/102021~1.10/bin/../lib/gcc/arm-none-eabi/10.3.1/../../../../arm-none-eabi/lib/thumb/v6-m/nofp\libc.a(lib_a-strtod.o)
                0x100091a8                _strtod_r
 .text.strtod   0x100091b8       0x1c c:/vsarm/armcc/102021~1.10/bin/../lib/gcc/arm-none-eabi/10.3.1/../../../../arm-none-eabi/lib/thumb/v6-m/nofp\libc.a(lib_a-strtod.o)
                0x100091b8                strtod
 .text.__svfscanf_r
                0x100091d4     0x17d8 c:/vsarm/armcc/102021~1.10/bin/../lib/gcc/arm-none-eabi/10.3.1/../../../../arm-none-eabi/lib/thumb/v6-m/nofp\libc.a(lib_a-vfscanf.o)
                0x100091d4                __svfscanf_r
 .text._vfscanf_r
                0x1000a9ac       0x28 c:/vsarm/armcc/102021~1.10/bin/../lib/gcc/arm-none-eabi/10.3.1/../../../../arm-none-eabi/lib/thumb/v6-m/nofp\libc.a(lib_a-vfscanf.o)
                0x1000a9ac                _vfscanf_r
 .text._cleanup_r
                0x1000a9d4       0x10 c:/vsarm/armcc/102021~1.10/bin/../lib/gcc/arm-none-eabi/10.3.1/../../../../arm-none-eabi/lib/thumb/v6-m/nofp\libc.a(lib_a-findfp.o)
                0x1000a9d4                _cleanup_r
 .text.__sinit  0x1000a9e4      0x120 c:/vsarm/armcc/102021~1.10/bin/../lib/gcc/arm-none-eabi/10.3.1/../../../../arm-none-eabi/lib/thumb/v6-m/nofp\libc.a(lib_a-findfp.o)
                0x1000a9e4                __sinit
 .text.__sfp_lock_acquire
                0x1000ab04       0x10 c:/vsarm/armcc/102021~1.10/bin/../lib/gcc/arm-none-eabi/10.3.1/../../../../arm-none-eabi/lib/thumb/v6-m/nofp\libc.a(lib_a-findfp.o)
                0x1000ab04                __sfp_lock_acquire
 .text.__sfp_lock_release
                0x1000ab14       0x10 c:/vsarm/armcc/102021~1.10/bin/../lib/gcc/arm-none-eabi/10.3.1/../../../../arm-none-eabi/lib/thumb/v6-m/nofp\libc.a(lib_a-findfp.o)
                0x1000ab14                __sfp_lock_release
 .text._fread_r
                0x1000ab24      0x1bc c:/vsarm/armcc/102021~1.10/bin/../lib/gcc/arm-none-eabi/10.3.1/../../../../arm-none-eabi/lib/thumb/v6-m/nofp\libc.a(lib_a-fread.o)
                0x1000ab24                _fread_r
 .text._malloc_trim_r
                0x1000ace0       0x9c c:/vsarm/armcc/102021~1.10/bin/../lib/gcc/arm-none-eabi/10.3.1/../../../../arm-none-eabi/lib/thumb/v6-m/nofp\libc.a(lib_a-freer.o)
                0x1000ace0                _malloc_trim_r
 .text._free_r  0x1000ad7c      0x1c4 c:/vsarm/armcc/102021~1.10/bin/../lib/gcc/arm-none-eabi/10.3.1/../../../../arm-none-eabi/lib/thumb/v6-m/nofp\libc.a(lib_a-freer.o)
                0x1000ad7c                _free_r
 .text._fwalk   0x1000af40       0x40 c:/vsarm/armcc/102021~1.10/bin/../lib/gcc/arm-none-eabi/10.3.1/../../../../arm-none-eabi/lib/thumb/v6-m/nofp\libc.a(lib_a-fwalk.o)
                0x1000af40                _fwalk
 .text._fwalk_reent
                0x1000af80       0x48 c:/vsarm/armcc/102021~1.10/bin/../lib/gcc/arm-none-eabi/10.3.1/../../../../arm-none-eabi/lib/thumb/v6-m/nofp\libc.a(lib_a-fwalk.o)
                0x1000af80                _fwalk_reent
 .text.rshift   0x1000afc8       0xa4 c:/vsarm/armcc/102021~1.10/bin/../lib/gcc/arm-none-eabi/10.3.1/../../../../arm-none-eabi/lib/thumb/v6-m/nofp\libc.a(lib_a-gdtoa-gethex.o)
 .text.__gethex
                0x1000b06c      0x5cc c:/vsarm/armcc/102021~1.10/bin/../lib/gcc/arm-none-eabi/10.3.1/../../../../arm-none-eabi/lib/thumb/v6-m/nofp\libc.a(lib_a-gdtoa-gethex.o)
                0x1000b06c                __gethex
 .text.__match  0x1000b638       0x2c c:/vsarm/armcc/102021~1.10/bin/../lib/gcc/arm-none-eabi/10.3.1/../../../../arm-none-eabi/lib/thumb/v6-m/nofp\libc.a(lib_a-gdtoa-hexnan.o)
                0x1000b638                __match
 .text.__hexnan
                0x1000b664      0x1d0 c:/vsarm/armcc/102021~1.10/bin/../lib/gcc/arm-none-eabi/10.3.1/../../../../arm-none-eabi/lib/thumb/v6-m/nofp\libc.a(lib_a-gdtoa-hexnan.o)
                0x1000b664                __hexnan
 .text.iswspace
                0x1000b834        0xc c:/vsarm/armcc/102021~1.10/bin/../lib/gcc/arm-none-eabi/10.3.1/../../../../arm-none-eabi/lib/thumb/v6-m/nofp\libc.a(lib_a-iswspace.o)
                0x1000b834                iswspace
 .text.iswspace_l
                0x1000b840       0x18 c:/vsarm/armcc/102021~1.10/bin/../lib/gcc/arm-none-eabi/10.3.1/../../../../arm-none-eabi/lib/thumb/v6-m/nofp\libc.a(lib_a-iswspace_l.o)
                0x1000b840                iswspace_l
 .text.__locale_mb_cur_max
                0x1000b858       0x10 c:/vsarm/armcc/102021~1.10/bin/../lib/gcc/arm-none-eabi/10.3.1/../../../../arm-none-eabi/lib/thumb/v6-m/nofp\libc.a(lib_a-locale.o)
                0x1000b858                __locale_mb_cur_max
 .text._localeconv_r
                0x1000b868        0x8 c:/vsarm/armcc/102021~1.10/bin/../lib/gcc/arm-none-eabi/10.3.1/../../../../arm-none-eabi/lib/thumb/v6-m/nofp\libc.a(lib_a-localeconv.o)
                0x1000b868                _localeconv_r
 .text.__retarget_lock_init_recursive
                0x1000b870        0x4 c:/vsarm/armcc/102021~1.10/bin/../lib/gcc/arm-none-eabi/10.3.1/../../../../arm-none-eabi/lib/thumb/v6-m/nofp\libc.a(lib_a-lock.o)
                0x1000b870                __retarget_lock_init_recursive
 .text.__retarget_lock_close_recursive
                0x1000b874        0x4 c:/vsarm/armcc/102021~1.10/bin/../lib/gcc/arm-none-eabi/10.3.1/../../../../arm-none-eabi/lib/thumb/v6-m/nofp\libc.a(lib_a-lock.o)
                0x1000b874                __retarget_lock_close_recursive
 .text.__retarget_lock_acquire_recursive
                0x1000b878        0x4 c:/vsarm/armcc/102021~1.10/bin/../lib/gcc/arm-none-eabi/10.3.1/../../../../arm-none-eabi/lib/thumb/v6-m/nofp\libc.a(lib_a-lock.o)
                0x1000b878                __retarget_lock_acquire_recursive
 .text.__retarget_lock_release_recursive
                0x1000b87c        0x4 c:/vsarm/armcc/102021~1.10/bin/../lib/gcc/arm-none-eabi/10.3.1/../../../../arm-none-eabi/lib/thumb/v6-m/nofp\libc.a(lib_a-lock.o)
                0x1000b87c                __retarget_lock_release_recursive
 .text._mbrtowc_r
                0x1000b880       0x4c c:/vsarm/armcc/102021~1.10/bin/../lib/gcc/arm-none-eabi/10.3.1/../../../../arm-none-eabi/lib/thumb/v6-m/nofp\libc.a(lib_a-mbrtowc.o)
                0x1000b880                _mbrtowc_r
 .text.__ascii_mbtowc
                0x1000b8cc       0x2c c:/vsarm/armcc/102021~1.10/bin/../lib/gcc/arm-none-eabi/10.3.1/../../../../arm-none-eabi/lib/thumb/v6-m/nofp\libc.a(lib_a-mbtowc_r.o)
                0x1000b8cc                __ascii_mbtowc
 .text._Balloc  0x1000b8f8       0x50 c:/vsarm/armcc/102021~1.10/bin/../lib/gcc/arm-none-eabi/10.3.1/../../../../arm-none-eabi/lib/thumb/v6-m/nofp\libc.a(lib_a-mprec.o)
                0x1000b8f8                _Balloc
 .text._Bfree   0x1000b948       0x14 c:/vsarm/armcc/102021~1.10/bin/../lib/gcc/arm-none-eabi/10.3.1/../../../../arm-none-eabi/lib/thumb/v6-m/nofp\libc.a(lib_a-mprec.o)
                0x1000b948                _Bfree
 .text.__multadd
                0x1000b95c       0xa8 c:/vsarm/armcc/102021~1.10/bin/../lib/gcc/arm-none-eabi/10.3.1/../../../../arm-none-eabi/lib/thumb/v6-m/nofp\libc.a(lib_a-mprec.o)
                0x1000b95c                __multadd
 .text.__s2b    0x1000ba04       0xb0 c:/vsarm/armcc/102021~1.10/bin/../lib/gcc/arm-none-eabi/10.3.1/../../../../arm-none-eabi/lib/thumb/v6-m/nofp\libc.a(lib_a-mprec.o)
                0x1000ba04                __s2b
 .text.__hi0bits
                0x1000bab4       0x38 c:/vsarm/armcc/102021~1.10/bin/../lib/gcc/arm-none-eabi/10.3.1/../../../../arm-none-eabi/lib/thumb/v6-m/nofp\libc.a(lib_a-mprec.o)
                0x1000bab4                __hi0bits
 .text.__lo0bits
                0x1000baec       0x5c c:/vsarm/armcc/102021~1.10/bin/../lib/gcc/arm-none-eabi/10.3.1/../../../../arm-none-eabi/lib/thumb/v6-m/nofp\libc.a(lib_a-mprec.o)
                0x1000baec                __lo0bits
 .text.__i2b    0x1000bb48       0x60 c:/vsarm/armcc/102021~1.10/bin/../lib/gcc/arm-none-eabi/10.3.1/../../../../arm-none-eabi/lib/thumb/v6-m/nofp\libc.a(lib_a-mprec.o)
                0x1000bb48                __i2b
 .text.__multiply
                0x1000bba8      0x1a4 c:/vsarm/armcc/102021~1.10/bin/../lib/gcc/arm-none-eabi/10.3.1/../../../../arm-none-eabi/lib/thumb/v6-m/nofp\libc.a(lib_a-mprec.o)
                0x1000bba8                __multiply
 .text.__pow5mult
                0x1000bd4c       0xd8 c:/vsarm/armcc/102021~1.10/bin/../lib/gcc/arm-none-eabi/10.3.1/../../../../arm-none-eabi/lib/thumb/v6-m/nofp\libc.a(lib_a-mprec.o)
                0x1000bd4c                __pow5mult
 .text.__lshift
                0x1000be24       0xfc c:/vsarm/armcc/102021~1.10/bin/../lib/gcc/arm-none-eabi/10.3.1/../../../../arm-none-eabi/lib/thumb/v6-m/nofp\libc.a(lib_a-mprec.o)
                0x1000be24                __lshift
 .text.__mcmp   0x1000bf20       0x34 c:/vsarm/armcc/102021~1.10/bin/../lib/gcc/arm-none-eabi/10.3.1/../../../../arm-none-eabi/lib/thumb/v6-m/nofp\libc.a(lib_a-mprec.o)
                0x1000bf20                __mcmp
 .text.__mdiff  0x1000bf54      0x18c c:/vsarm/armcc/102021~1.10/bin/../lib/gcc/arm-none-eabi/10.3.1/../../../../arm-none-eabi/lib/thumb/v6-m/nofp\libc.a(lib_a-mprec.o)
                0x1000bf54                __mdiff
 .text.__ulp    0x1000c0e0       0x48 c:/vsarm/armcc/102021~1.10/bin/../lib/gcc/arm-none-eabi/10.3.1/../../../../arm-none-eabi/lib/thumb/v6-m/nofp\libc.a(lib_a-mprec.o)
                0x1000c0e0                __ulp
 .text.__b2d    0x1000c128       0xc8 c:/vsarm/armcc/102021~1.10/bin/../lib/gcc/arm-none-eabi/10.3.1/../../../../arm-none-eabi/lib/thumb/v6-m/nofp\libc.a(lib_a-mprec.o)
                0x1000c128                __b2d
 .text.__d2b    0x1000c1f0       0xd8 c:/vsarm/armcc/102021~1.10/bin/../lib/gcc/arm-none-eabi/10.3.1/../../../../arm-none-eabi/lib/thumb/v6-m/nofp\libc.a(lib_a-mprec.o)
                0x1000c1f0                __d2b
 .text.__ratio  0x1000c2c8       0x68 c:/vsarm/armcc/102021~1.10/bin/../lib/gcc/arm-none-eabi/10.3.1/../../../../arm-none-eabi/lib/thumb/v6-m/nofp\libc.a(lib_a-mprec.o)
                0x1000c2c8                __ratio
 .text.__copybits
                0x1000c330       0x40 c:/vsarm/armcc/102021~1.10/bin/../lib/gcc/arm-none-eabi/10.3.1/../../../../arm-none-eabi/lib/thumb/v6-m/nofp\libc.a(lib_a-mprec.o)
                0x1000c330                __copybits
 .text.__any_on
                0x1000c370       0x50 c:/vsarm/armcc/102021~1.10/bin/../lib/gcc/arm-none-eabi/10.3.1/../../../../arm-none-eabi/lib/thumb/v6-m/nofp\libc.a(lib_a-mprec.o)
                0x1000c370                __any_on
 .text.realloc  0x1000c3c0       0x18 c:/vsarm/armcc/102021~1.10/bin/../lib/gcc/arm-none-eabi/10.3.1/../../../../arm-none-eabi/lib/thumb/v6-m/nofp\libc.a(lib_a-realloc.o)
                0x1000c3c0                realloc
 .text._realloc_r
                0x1000c3d8      0x354 c:/vsarm/armcc/102021~1.10/bin/../lib/gcc/arm-none-eabi/10.3.1/../../../../arm-none-eabi/lib/thumb/v6-m/nofp\libc.a(lib_a-reallocr.o)
                0x1000c3d8                _realloc_r
 .text.lflush   0x1000c72c       0x1c c:/vsarm/armcc/102021~1.10/bin/../lib/gcc/arm-none-eabi/10.3.1/../../../../arm-none-eabi/lib/thumb/v6-m/nofp\libc.a(lib_a-refill.o)
 .text.__srefill_r
                0x1000c748      0x124 c:/vsarm/armcc/102021~1.10/bin/../lib/gcc/arm-none-eabi/10.3.1/../../../../arm-none-eabi/lib/thumb/v6-m/nofp\libc.a(lib_a-refill.o)
                0x1000c748                __srefill_r
 .text.nan      0x1000c86c        0xc c:/vsarm/armcc/102021~1.10/bin/../lib/gcc/arm-none-eabi/10.3.1/../../../../arm-none-eabi/lib/thumb/v6-m/nofp\libc.a(lib_a-s_nan.o)
                0x1000c86c                nan
 .text.__sccl   0x1000c878       0x80 c:/vsarm/armcc/102021~1.10/bin/../lib/gcc/arm-none-eabi/10.3.1/../../../../arm-none-eabi/lib/thumb/v6-m/nofp\libc.a(lib_a-sccl.o)
                0x1000c878                __sccl
 .text.nanf     0x1000c8f8        0x8 c:/vsarm/armcc/102021~1.10/bin/../lib/gcc/arm-none-eabi/10.3.1/../../../../arm-none-eabi/lib/thumb/v6-m/nofp\libc.a(lib_a-sf_nan.o)
                0x1000c8f8                nanf
 .text.__sread  0x1000c900       0x28 c:/vsarm/armcc/102021~1.10/bin/../lib/gcc/arm-none-eabi/10.3.1/../../../../arm-none-eabi/lib/thumb/v6-m/nofp\libc.a(lib_a-stdio.o)
                0x1000c900                __sread
 .text.__swrite
                0x1000c928       0x40 c:/vsarm/armcc/102021~1.10/bin/../lib/gcc/arm-none-eabi/10.3.1/../../../../arm-none-eabi/lib/thumb/v6-m/nofp\libc.a(lib_a-stdio.o)
                0x1000c928                __swrite
 .text.__sseek  0x1000c968       0x2c c:/vsarm/armcc/102021~1.10/bin/../lib/gcc/arm-none-eabi/10.3.1/../../../../arm-none-eabi/lib/thumb/v6-m/nofp\libc.a(lib_a-stdio.o)
                0x1000c968                __sseek
 .text.__sclose
                0x1000c994        0xc c:/vsarm/armcc/102021~1.10/bin/../lib/gcc/arm-none-eabi/10.3.1/../../../../arm-none-eabi/lib/thumb/v6-m/nofp\libc.a(lib_a-stdio.o)
                0x1000c994                __sclose
 .text.strncmp  0x1000c9a0       0x74 c:/vsarm/armcc/102021~1.10/bin/../lib/gcc/arm-none-eabi/10.3.1/../../../../arm-none-eabi/lib/thumb/v6-m/nofp\libc.a(lib_a-strncmp.o)
                0x1000c9a0                strncmp
 .text._strtol_l.part.0
                0x1000ca14      0x144 c:/vsarm/armcc/102021~1.10/bin/../lib/gcc/arm-none-eabi/10.3.1/../../../../arm-none-eabi/lib/thumb/v6-m/nofp\libc.a(lib_a-strtol.o)
 .text._strtol_r
                0x1000cb58       0x1c c:/vsarm/armcc/102021~1.10/bin/../lib/gcc/arm-none-eabi/10.3.1/../../../../arm-none-eabi/lib/thumb/v6-m/nofp\libc.a(lib_a-strtol.o)
                0x1000cb58                _strtol_r
 .text._strtoll_l.constprop.0
                0x1000cb74      0x198 c:/vsarm/armcc/102021~1.10/bin/../lib/gcc/arm-none-eabi/10.3.1/../../../../arm-none-eabi/lib/thumb/v6-m/nofp\libc.a(lib_a-strtoll.o)
 .text._strtoll_r
                0x1000cd0c        0x8 c:/vsarm/armcc/102021~1.10/bin/../lib/gcc/arm-none-eabi/10.3.1/../../../../arm-none-eabi/lib/thumb/v6-m/nofp\libc.a(lib_a-strtoll.o)
                0x1000cd0c                _strtoll_r
 .text._strtoul_l.constprop.0
                0x1000cd14      0x148 c:/vsarm/armcc/102021~1.10/bin/../lib/gcc/arm-none-eabi/10.3.1/../../../../arm-none-eabi/lib/thumb/v6-m/nofp\libc.a(lib_a-strtoul.o)
 .text._strtoul_r
                0x1000ce5c        0x8 c:/vsarm/armcc/102021~1.10/bin/../lib/gcc/arm-none-eabi/10.3.1/../../../../arm-none-eabi/lib/thumb/v6-m/nofp\libc.a(lib_a-strtoul.o)
                0x1000ce5c                _strtoul_r
 .text._strtoull_l.constprop.0
                0x1000ce64      0x1bc c:/vsarm/armcc/102021~1.10/bin/../lib/gcc/arm-none-eabi/10.3.1/../../../../arm-none-eabi/lib/thumb/v6-m/nofp\libc.a(lib_a-strtoull.o)
 .text._strtoull_r
                0x1000d020        0x8 c:/vsarm/armcc/102021~1.10/bin/../lib/gcc/arm-none-eabi/10.3.1/../../../../arm-none-eabi/lib/thumb/v6-m/nofp\libc.a(lib_a-strtoull.o)
                0x1000d020                _strtoull_r
 .text.__submore
                0x1000d028       0x84 c:/vsarm/armcc/102021~1.10/bin/../lib/gcc/arm-none-eabi/10.3.1/../../../../arm-none-eabi/lib/thumb/v6-m/nofp\libc.a(lib_a-ungetc.o)
                0x1000d028                __submore
 .text._ungetc_r
                0x1000d0ac      0x138 c:/vsarm/armcc/102021~1.10/bin/../lib/gcc/arm-none-eabi/10.3.1/../../../../arm-none-eabi/lib/thumb/v6-m/nofp\libc.a(lib_a-ungetc.o)
                0x1000d0ac                _ungetc_r
 .text.__ascii_wctomb
                0x1000d1e4       0x1c c:/vsarm/armcc/102021~1.10/bin/../lib/gcc/arm-none-eabi/10.3.1/../../../../arm-none-eabi/lib/thumb/v6-m/nofp\libc.a(lib_a-wctomb_r.o)
                0x1000d1e4                __ascii_wctomb
 .text._write_r
                0x1000d200       0x28 c:/vsarm/armcc/102021~1.10/bin/../lib/gcc/arm-none-eabi/10.3.1/../../../../arm-none-eabi/lib/thumb/v6-m/nofp\libc.a(lib_a-writer.o)
                0x1000d200                _write_r
 .text._close_r
                0x1000d228       0x24 c:/vsarm/armcc/102021~1.10/bin/../lib/gcc/arm-none-eabi/10.3.1/../../../../arm-none-eabi/lib/thumb/v6-m/nofp\libc.a(lib_a-closer.o)
                0x1000d228                _close_r
 .text._fclose_r
                0x1000d24c       0xdc c:/vsarm/armcc/102021~1.10/bin/../lib/gcc/arm-none-eabi/10.3.1/../../../../arm-none-eabi/lib/thumb/v6-m/nofp\libc.a(lib_a-fclose.o)
                0x1000d24c                _fclose_r
 .text.__sflush_r
                0x1000d328      0x140 c:/vsarm/armcc/102021~1.10/bin/../lib/gcc/arm-none-eabi/10.3.1/../../../../arm-none-eabi/lib/thumb/v6-m/nofp\libc.a(lib_a-fflush.o)
                0x1000d328                __sflush_r
 .text._fflush_r
                0x1000d468       0x6c c:/vsarm/armcc/102021~1.10/bin/../lib/gcc/arm-none-eabi/10.3.1/../../../../arm-none-eabi/lib/thumb/v6-m/nofp\libc.a(lib_a-fflush.o)
                0x1000d468                _fflush_r
 .text.fflush   0x1000d4d4       0x78 c:/vsarm/armcc/102021~1.10/bin/../lib/gcc/arm-none-eabi/10.3.1/../../../../arm-none-eabi/lib/thumb/v6-m/nofp\libc.a(lib_a-fflush.o)
                0x1000d4d4                fflush
 .text._lseek_r
                0x1000d54c       0x28 c:/vsarm/armcc/102021~1.10/bin/../lib/gcc/arm-none-eabi/10.3.1/../../../../arm-none-eabi/lib/thumb/v6-m/nofp\libc.a(lib_a-lseekr.o)
                0x1000d54c                _lseek_r
 .text.__smakebuf_r
                0x1000d574       0xe4 c:/vsarm/armcc/102021~1.10/bin/../lib/gcc/arm-none-eabi/10.3.1/../../../../arm-none-eabi/lib/thumb/v6-m/nofp\libc.a(lib_a-makebuf.o)
                0x1000d574                __smakebuf_r
 .text._read_r  0x1000d658       0x28 c:/vsarm/armcc/102021~1.10/bin/../lib/gcc/arm-none-eabi/10.3.1/../../../../arm-none-eabi/lib/thumb/v6-m/nofp\libc.a(lib_a-readr.o)
                0x1000d658                _read_r
 .text._fstat_r
                0x1000d680       0x28 c:/vsarm/armcc/102021~1.10/bin/../lib/gcc/arm-none-eabi/10.3.1/../../../../arm-none-eabi/lib/thumb/v6-m/nofp\libc.a(lib_a-fstatr.o)
                0x1000d680                _fstat_r
 .text._isatty_r
                0x1000d6a8       0x24 c:/vsarm/armcc/102021~1.10/bin/../lib/gcc/arm-none-eabi/10.3.1/../../../../arm-none-eabi/lib/thumb/v6-m/nofp\libc.a(lib_a-isattyr.o)
                0x1000d6a8                _isatty_r
 .text._close   0x1000d6cc       0x10 c:/vsarm/armcc/102021~1.10/bin/../lib/gcc/arm-none-eabi/10.3.1/../../../../arm-none-eabi/lib/thumb/v6-m/nofp\libnosys.a(close.o)
                0x1000d6cc                _close
 .text._fstat   0x1000d6dc       0x10 c:/vsarm/armcc/102021~1.10/bin/../lib/gcc/arm-none-eabi/10.3.1/../../../../arm-none-eabi/lib/thumb/v6-m/nofp\libnosys.a(fstat.o)
                0x1000d6dc                _fstat
 .text._isatty  0x1000d6ec       0x10 c:/vsarm/armcc/102021~1.10/bin/../lib/gcc/arm-none-eabi/10.3.1/../../../../arm-none-eabi/lib/thumb/v6-m/nofp\libnosys.a(isatty.o)
                0x1000d6ec                _isatty
 .text._lseek   0x1000d6fc       0x10 c:/vsarm/armcc/102021~1.10/bin/../lib/gcc/arm-none-eabi/10.3.1/../../../../arm-none-eabi/lib/thumb/v6-m/nofp\libnosys.a(lseek.o)
                0x1000d6fc                _lseek
 *(.fini)
 .fini          0x1000d70c        0x4 c:/vsarm/armcc/102021~1.10/bin/../lib/gcc/arm-none-eabi/10.3.1/thumb/v6-m/nofp/crti.o
                0x1000d70c                _fini
 .fini.__stub   0x1000d710       0x80 linker stubs
 *crtbegin.o(.ctors)
 *crtbegin?.o(.ctors)
 *(EXCLUDE_FILE(*crtend.o *crtend?.o) .ctors)
 *(SORT_BY_NAME(.ctors.*))
 *(.ctors)
 *crtbegin.o(.dtors)
 *crtbegin?.o(.dtors)
 *(EXCLUDE_FILE(*crtend.o *crtend?.o) .dtors)
 *(SORT_BY_NAME(.dtors.*))
 *(.dtors)
 *(.eh_frame*)
 .eh_frame      0x1000d790        0x0 c:/vsarm/armcc/102021~1.10/bin/../lib/gcc/arm-none-eabi/10.3.1/thumb/v6-m/nofp/crtbegin.o
                0x1000d790                . = ALIGN (0x4)

.glue_7         0x1000d790        0x0
 .glue_7        0x1000d790        0x0 linker stubs

.glue_7t        0x1000d790        0x0
 .glue_7t       0x1000d790        0x0 linker stubs

.vfp11_veneer   0x1000d790        0x0
 .vfp11_veneer  0x1000d790        0x0 linker stubs

.v4_bx          0x1000d790        0x0
 .v4_bx         0x1000d790        0x0 linker stubs

.iplt           0x1000d790        0x0
 .iplt          0x1000d790        0x0 c:/vsarm/armcc/102021~1.10/bin/../lib/gcc/arm-none-eabi/10.3.1/thumb/v6-m/nofp/crtbegin.o

.rodata         0x1000d790      0xf64
 *(EXCLUDE_FILE(*libm.a: *libc.a:*lib_a-mem*.o *libgcc.a:) .rodata*)
 .rodata.repeating_timer_callback.str1.4
                0x1000d790        0x9 CMakeFiles/main.dir/main.c.obj
 *fill*         0x1000d799        0x3 
 .rodata.main.str1.4
                0x1000d79c        0x5 CMakeFiles/main.dir/main.c.obj
 *fill*         0x1000d7a1        0x3 
 .rodata.quadrature_encoder_program
                0x1000d7a4        0x6 CMakeFiles/main.dir/main.c.obj
 *fill*         0x1000d7aa        0x2 
 .rodata.quadrature_encoder_program_instructions
                0x1000d7ac       0x3a CMakeFiles/main.dir/main.c.obj
 *fill*         0x1000d7e6        0x2 
 .rodata.spin_lock_claim_unused.str1.4
                0x1000d7e8       0x1b CMakeFiles/main.dir/C_/VSARM/sdk/pico/pico-sdk/src/rp2_common/hardware_sync/sync.c.obj
 *fill*         0x1000d803        0x5 
 .rodata.at_the_end_of_time
                0x1000d808        0x8 CMakeFiles/main.dir/C_/VSARM/sdk/pico/pico-sdk/src/common/pico_time/time.c.obj
                0x1000d808                at_the_end_of_time
 .rodata.hardware_alarm_claim.str1.4
                0x1000d810       0x22 CMakeFiles/main.dir/C_/VSARM/sdk/pico/pico-sdk/src/rp2_common/hardware_timer/timer.c.obj
 *fill*         0x1000d832        0x2 
 .rodata.__assert_func.str1.4
                0x1000d834       0x3f CMakeFiles/main.dir/C_/VSARM/sdk/pico/pico-sdk/src/rp2_common/pico_runtime/runtime.c.obj
                                 0x43 (size before relaxing)
 *fill*         0x1000d873        0x1 
 .rodata.panic.str1.4
                0x1000d874       0x12 CMakeFiles/main.dir/C_/VSARM/sdk/pico/pico-sdk/src/rp2_common/pico_runtime/runtime.c.obj
 *fill*         0x1000d886        0x2 
 .rodata.hard_assertion_failure.str1.4
                0x1000d888        0xc CMakeFiles/main.dir/C_/VSARM/sdk/pico/pico-sdk/src/rp2_common/pico_runtime/runtime.c.obj
 .rodata._ftoa.str1.4
                0x1000d894       0x15 CMakeFiles/main.dir/C_/VSARM/sdk/pico/pico-sdk/src/rp2_common/pico_printf/printf.c.obj
 *fill*         0x1000d8a9        0x3 
 .rodata._vsnprintf
                0x1000d8ac      0x1e0 CMakeFiles/main.dir/C_/VSARM/sdk/pico/pico-sdk/src/rp2_common/pico_printf/printf.c.obj
 *fill*         0x1000da8c        0x4 
 .rodata.pow10.0
                0x1000da90       0x50 CMakeFiles/main.dir/C_/VSARM/sdk/pico/pico-sdk/src/rp2_common/pico_printf/printf.c.obj
 .rodata.__wrap_malloc.str1.4
                0x1000dae0        0xe CMakeFiles/main.dir/C_/VSARM/sdk/pico/pico-sdk/src/rp2_common/pico_malloc/pico_malloc.c.obj
 *fill*         0x1000daee        0x2 
 .rodata.str1.4
                0x1000daf0       0x3c CMakeFiles/main.dir/C_/VSARM/sdk/pico/pico-sdk/src/rp2_common/pico_standard_link/binary_info.c.obj
 .rodata.__bi_44
                0x1000db2c        0xc CMakeFiles/main.dir/C_/VSARM/sdk/pico/pico-sdk/src/rp2_common/pico_standard_link/binary_info.c.obj
 .rodata.__bi_75
                0x1000db38        0xc CMakeFiles/main.dir/C_/VSARM/sdk/pico/pico-sdk/src/rp2_common/pico_standard_link/binary_info.c.obj
 .rodata.__bi_81
                0x1000db44        0xc CMakeFiles/main.dir/C_/VSARM/sdk/pico/pico-sdk/src/rp2_common/pico_standard_link/binary_info.c.obj
 .rodata.crlf_str.0
                0x1000db50        0x2 CMakeFiles/main.dir/C_/VSARM/sdk/pico/pico-sdk/src/rp2_common/pico_stdio/stdio.c.obj
 *fill*         0x1000db52        0x2 
 .rodata.str1.4
                0x1000db54       0x2c CMakeFiles/main.dir/C_/VSARM/sdk/pico/pico-sdk/src/rp2_common/pico_stdio_uart/stdio_uart.c.obj
 .rodata.__bi_28.4
                0x1000db80        0xc CMakeFiles/main.dir/C_/VSARM/sdk/pico/pico-sdk/src/rp2_common/pico_stdio_uart/stdio_uart.c.obj
 .rodata.__bi_29.5
                0x1000db8c        0x8 CMakeFiles/main.dir/C_/VSARM/sdk/pico/pico-sdk/src/rp2_common/pico_stdio_uart/stdio_uart.c.obj
 .rodata._resetd_driver
                0x1000db94       0x18 CMakeFiles/main.dir/C_/VSARM/sdk/pico/pico-sdk/src/rp2_common/pico_stdio_usb/reset_interface.c.obj
 .rodata.str1.4
                0x1000dbac       0x13 CMakeFiles/main.dir/C_/VSARM/sdk/pico/pico-sdk/src/rp2_common/pico_stdio_usb/stdio_usb.c.obj
 *fill*         0x1000dbbf        0x1 
 .rodata.__bi_93.0
                0x1000dbc0        0xc CMakeFiles/main.dir/C_/VSARM/sdk/pico/pico-sdk/src/rp2_common/pico_stdio_usb/stdio_usb.c.obj
 .rodata.str1.4
                0x1000dbcc       0x2a CMakeFiles/main.dir/C_/VSARM/sdk/pico/pico-sdk/src/rp2_common/pico_stdio_usb/stdio_usb_descriptors.c.obj
 *fill*         0x1000dbf6        0x2 
 .rodata.usbd_desc_cfg
                0x1000dbf8       0x54 CMakeFiles/main.dir/C_/VSARM/sdk/pico/pico-sdk/src/rp2_common/pico_stdio_usb/stdio_usb_descriptors.c.obj
 .rodata.usbd_desc_device
                0x1000dc4c       0x12 CMakeFiles/main.dir/C_/VSARM/sdk/pico/pico-sdk/src/rp2_common/pico_stdio_usb/stdio_usb_descriptors.c.obj
 *fill*         0x1000dc5e        0x2 
 .rodata.usbd_desc_str
                0x1000dc60       0x18 CMakeFiles/main.dir/C_/VSARM/sdk/pico/pico-sdk/src/rp2_common/pico_stdio_usb/stdio_usb_descriptors.c.obj
 .rodata.dcd_rp2040_irq.str1.4
                0x1000dc78       0x14 CMakeFiles/main.dir/C_/VSARM/sdk/pico/pico-sdk/lib/tinyusb/src/portable/raspberrypi/rp2040/dcd_rp2040.c.obj
 .rodata._hw_endpoint_buffer_control_update32.part.0.isra.0.str1.4
                0x1000dc8c       0x1f CMakeFiles/main.dir/C_/VSARM/sdk/pico/pico-sdk/lib/tinyusb/src/portable/raspberrypi/rp2040/rp2040_usb.c.obj
 *fill*         0x1000dcab        0x1 
 .rodata.hw_endpoint_xfer_continue.str1.4
                0x1000dcac       0x29 CMakeFiles/main.dir/C_/VSARM/sdk/pico/pico-sdk/lib/tinyusb/src/portable/raspberrypi/rp2040/rp2040_usb.c.obj
 .rodata.str1.4
                0x1000dcd5       0x29 CMakeFiles/main.dir/C_/VSARM/sdk/pico/pico-sdk/lib/tinyusb/src/portable/raspberrypi/rp2040/rp2040_usb.c.obj
                                  0x7 (size before relaxing)
 *fill*         0x1000dcd5        0x3 
 .rodata.tud_task
                0x1000dcd8       0x8c CMakeFiles/main.dir/C_/VSARM/sdk/pico/pico-sdk/lib/tinyusb/src/device/usbd.c.obj
 .rodata._usbd_driver
                0x1000dd64       0x18 CMakeFiles/main.dir/C_/VSARM/sdk/pico/pico-sdk/lib/tinyusb/src/device/usbd.c.obj
 .rodata.pio_add_program.str1.4
                0x1000dd7c       0x11 CMakeFiles/main.dir/C_/VSARM/sdk/pico/pico-sdk/src/rp2_common/hardware_pio/pio.c.obj
 *fill*         0x1000dd8d        0x3 
 .rodata._global_impure_ptr
                0x1000dd90        0x4 c:/vsarm/armcc/102021~1.10/bin/../lib/gcc/arm-none-eabi/10.3.1/../../../../arm-none-eabi/lib/thumb/v6-m/nofp\libc.a(lib_a-impure.o)
                0x1000dd90                _global_impure_ptr
 .rodata._strtod_l.str1.4
                0x1000dd94        0xf c:/vsarm/armcc/102021~1.10/bin/../lib/gcc/arm-none-eabi/10.3.1/../../../../arm-none-eabi/lib/thumb/v6-m/nofp\libc.a(lib_a-strtod.o)
                                 0x11 (size before relaxing)
 *fill*         0x1000dda3        0x1 
 .rodata._strtod_l
                0x1000dda4       0xd0 c:/vsarm/armcc/102021~1.10/bin/../lib/gcc/arm-none-eabi/10.3.1/../../../../arm-none-eabi/lib/thumb/v6-m/nofp\libc.a(lib_a-strtod.o)
 .rodata.fpi.1  0x1000de74       0x14 c:/vsarm/armcc/102021~1.10/bin/../lib/gcc/arm-none-eabi/10.3.1/../../../../arm-none-eabi/lib/thumb/v6-m/nofp\libc.a(lib_a-strtod.o)
 .rodata.fpinan.0
                0x1000de88       0x14 c:/vsarm/armcc/102021~1.10/bin/../lib/gcc/arm-none-eabi/10.3.1/../../../../arm-none-eabi/lib/thumb/v6-m/nofp\libc.a(lib_a-strtod.o)
 *fill*         0x1000de9c        0x4 
 .rodata.tinytens
                0x1000dea0       0x28 c:/vsarm/armcc/102021~1.10/bin/../lib/gcc/arm-none-eabi/10.3.1/../../../../arm-none-eabi/lib/thumb/v6-m/nofp\libc.a(lib_a-strtod.o)
 .rodata.__svfscanf_r.str1.4
                0x1000dec8        0x5 c:/vsarm/armcc/102021~1.10/bin/../lib/gcc/arm-none-eabi/10.3.1/../../../../arm-none-eabi/lib/thumb/v6-m/nofp\libc.a(lib_a-vfscanf.o)
                                  0x9 (size before relaxing)
 *fill*         0x1000decd        0x3 
 .rodata.__svfscanf_r
                0x1000ded0      0x3cc c:/vsarm/armcc/102021~1.10/bin/../lib/gcc/arm-none-eabi/10.3.1/../../../../arm-none-eabi/lib/thumb/v6-m/nofp\libc.a(lib_a-vfscanf.o)
 .rodata.basefix.0
                0x1000e29c       0x22 c:/vsarm/armcc/102021~1.10/bin/../lib/gcc/arm-none-eabi/10.3.1/../../../../arm-none-eabi/lib/thumb/v6-m/nofp\libc.a(lib_a-vfscanf.o)
 *fill*         0x1000e2be        0x2 
 .rodata._ctype_
                0x1000e2c0      0x101 c:/vsarm/armcc/102021~1.10/bin/../lib/gcc/arm-none-eabi/10.3.1/../../../../arm-none-eabi/lib/thumb/v6-m/nofp\libc.a(lib_a-ctype_.o)
                0x1000e2c0                _ctype_
 *fill*         0x1000e3c1        0x3 
 .rodata.__gethex.str1.4
                0x1000e3c4       0x9a c:/vsarm/armcc/102021~1.10/bin/../lib/gcc/arm-none-eabi/10.3.1/../../../../arm-none-eabi/lib/thumb/v6-m/nofp\libc.a(lib_a-gdtoa-gethex.o)
 *fill*         0x1000e45e        0x2 
 .rodata.__hexdig
                0x1000e460      0x100 c:/vsarm/armcc/102021~1.10/bin/../lib/gcc/arm-none-eabi/10.3.1/../../../../arm-none-eabi/lib/thumb/v6-m/nofp\libc.a(lib_a-gdtoa-gethex.o)
                0x1000e460                __hexdig
 .rodata.str1.4
                0x1000e560        0x2 c:/vsarm/armcc/102021~1.10/bin/../lib/gcc/arm-none-eabi/10.3.1/../../../../arm-none-eabi/lib/thumb/v6-m/nofp\libc.a(lib_a-lnumeric.o)
                                  0x5 (size before relaxing)
 *fill*         0x1000e562        0x2 
 .rodata._C_numeric_locale
                0x1000e564        0xc c:/vsarm/armcc/102021~1.10/bin/../lib/gcc/arm-none-eabi/10.3.1/../../../../arm-none-eabi/lib/thumb/v6-m/nofp\libc.a(lib_a-lnumeric.o)
                0x1000e564                _C_numeric_locale
 .rodata._setlocale_r.str1.4
                0x1000e570        0x6 c:/vsarm/armcc/102021~1.10/bin/../lib/gcc/arm-none-eabi/10.3.1/../../../../arm-none-eabi/lib/thumb/v6-m/nofp\libc.a(lib_a-locale.o)
                                  0xd (size before relaxing)
 .rodata.str1.4
                0x1000e576        0x2 c:/vsarm/armcc/102021~1.10/bin/../lib/gcc/arm-none-eabi/10.3.1/../../../../arm-none-eabi/lib/thumb/v6-m/nofp\libc.a(lib_a-locale.o)
 .rodata._mbrtowc_r.str1.4
                0x1000e576        0x1 c:/vsarm/armcc/102021~1.10/bin/../lib/gcc/arm-none-eabi/10.3.1/../../../../arm-none-eabi/lib/thumb/v6-m/nofp\libc.a(lib_a-mbrtowc.o)
 *fill*         0x1000e576        0x2 
 .rodata.__multadd.str1.4
                0x1000e578       0x7f c:/vsarm/armcc/102021~1.10/bin/../lib/gcc/arm-none-eabi/10.3.1/../../../../arm-none-eabi/lib/thumb/v6-m/nofp\libc.a(lib_a-mprec.o)
                                 0x93 (size before relaxing)
 *fill*         0x1000e5f7        0x1 
 .rodata.__mprec_bigtens
                0x1000e5f8       0x28 c:/vsarm/armcc/102021~1.10/bin/../lib/gcc/arm-none-eabi/10.3.1/../../../../arm-none-eabi/lib/thumb/v6-m/nofp\libc.a(lib_a-mprec.o)
                0x1000e5f8                __mprec_bigtens
 .rodata.__mprec_tens
                0x1000e620       0xc8 c:/vsarm/armcc/102021~1.10/bin/../lib/gcc/arm-none-eabi/10.3.1/../../../../arm-none-eabi/lib/thumb/v6-m/nofp\libc.a(lib_a-mprec.o)
                0x1000e620                __mprec_tens
 .rodata.p05.0  0x1000e6e8        0xc c:/vsarm/armcc/102021~1.10/bin/../lib/gcc/arm-none-eabi/10.3.1/../../../../arm-none-eabi/lib/thumb/v6-m/nofp\libc.a(lib_a-mprec.o)
                0x1000e6f4                . = ALIGN (0x4)
 *(SORT_BY_ALIGNMENT(SORT_BY_NAME(.flashdata*)))
                0x1000e6f4                . = ALIGN (0x4)

.rel.dyn        0x1000e6f4        0x0
 .rel.iplt      0x1000e6f4        0x0 c:/vsarm/armcc/102021~1.10/bin/../lib/gcc/arm-none-eabi/10.3.1/thumb/v6-m/nofp/crtbegin.o

.ARM.extab
 *(.ARM.extab* .gnu.linkonce.armextab.*)
                0x1000e6f4                __exidx_start = .

.ARM.exidx
 *(.ARM.exidx* .gnu.linkonce.armexidx.*)
                0x1000e6f4                __exidx_end = .
                0x1000e6f4                . = ALIGN (0x4)
                0x1000e6f4                __binary_info_start = .

.binary_info    0x1000e6f4       0x28
 *(.binary_info.keep.*)
 .binary_info.keep.__bi_ptr22
                0x1000e6f4        0x4 CMakeFiles/main.dir/C_/VSARM/sdk/pico/pico-sdk/src/rp2_common/pico_standard_link/binary_info.c.obj
 .binary_info.keep.__bi_ptr30
                0x1000e6f8        0x4 CMakeFiles/main.dir/C_/VSARM/sdk/pico/pico-sdk/src/rp2_common/pico_standard_link/binary_info.c.obj
 .binary_info.keep.__bi_ptr38
                0x1000e6fc        0x4 CMakeFiles/main.dir/C_/VSARM/sdk/pico/pico-sdk/src/rp2_common/pico_standard_link/binary_info.c.obj
 .binary_info.keep.__bi_ptr44
                0x1000e700        0x4 CMakeFiles/main.dir/C_/VSARM/sdk/pico/pico-sdk/src/rp2_common/pico_standard_link/binary_info.c.obj
 .binary_info.keep.__bi_ptr50
                0x1000e704        0x4 CMakeFiles/main.dir/C_/VSARM/sdk/pico/pico-sdk/src/rp2_common/pico_standard_link/binary_info.c.obj
 .binary_info.keep.__bi_ptr75
                0x1000e708        0x4 CMakeFiles/main.dir/C_/VSARM/sdk/pico/pico-sdk/src/rp2_common/pico_standard_link/binary_info.c.obj
 .binary_info.keep.__bi_ptr81
                0x1000e70c        0x4 CMakeFiles/main.dir/C_/VSARM/sdk/pico/pico-sdk/src/rp2_common/pico_standard_link/binary_info.c.obj
 *(.binary_info.*)
 .binary_info.__bi_ptr28
                0x1000e710        0x4 CMakeFiles/main.dir/C_/VSARM/sdk/pico/pico-sdk/src/rp2_common/pico_stdio_uart/stdio_uart.c.obj
 .binary_info.__bi_ptr29
                0x1000e714        0x4 CMakeFiles/main.dir/C_/VSARM/sdk/pico/pico-sdk/src/rp2_common/pico_stdio_uart/stdio_uart.c.obj
 .binary_info.__bi_ptr93
                0x1000e718        0x4 CMakeFiles/main.dir/C_/VSARM/sdk/pico/pico-sdk/src/rp2_common/pico_stdio_usb/stdio_usb.c.obj
                0x1000e71c                __binary_info_end = .
                0x1000e71c                . = ALIGN (0x4)
                0x1000e71c                __etext = .

.ram_vector_table
                0x20000000       0xc0
 *(.ram_vector_table)
 .ram_vector_table
                0x20000000       0xc0 CMakeFiles/main.dir/C_/VSARM/sdk/pico/pico-sdk/src/rp2_common/pico_runtime/runtime.c.obj
                0x20000000                ram_vector_table

.data           0x200000c0      0xe38 load address 0x1000e71c
                0x200000c0                __data_start__ = .
 *(vtable)
 *(.time_critical*)
 .time_critical.mutex_enter_blocking
                0x200000c0       0x48 CMakeFiles/main.dir/C_/VSARM/sdk/pico/pico-sdk/src/common/pico_sync/mutex.c.obj
                0x200000c0                mutex_enter_blocking
 .time_critical.mutex_try_enter
                0x20000108       0x44 CMakeFiles/main.dir/C_/VSARM/sdk/pico/pico-sdk/src/common/pico_sync/mutex.c.obj
                0x20000108                mutex_try_enter
 .time_critical.mutex_enter_timeout_ms
                0x2000014c       0xa0 CMakeFiles/main.dir/C_/VSARM/sdk/pico/pico-sdk/src/common/pico_sync/mutex.c.obj
                0x2000014c                mutex_enter_timeout_ms
 .time_critical.mutex_exit
                0x200001ec       0x28 CMakeFiles/main.dir/C_/VSARM/sdk/pico/pico-sdk/src/common/pico_sync/mutex.c.obj
                0x200001ec                mutex_exit
 .time_critical.flash_init_boot2_copyout
                0x20000214       0x30 CMakeFiles/main.dir/C_/VSARM/sdk/pico/pico-sdk/src/rp2_common/hardware_flash/flash.c.obj
 .time_critical.flash_enable_xip_via_boot2
                0x20000244       0x10 CMakeFiles/main.dir/C_/VSARM/sdk/pico/pico-sdk/src/rp2_common/hardware_flash/flash.c.obj
 .time_critical.flash_cs_force
                0x20000254       0x38 CMakeFiles/main.dir/C_/VSARM/sdk/pico/pico-sdk/src/rp2_common/hardware_flash/flash.c.obj
 .time_critical.flash_do_cmd
                0x2000028c       0xc4 CMakeFiles/main.dir/C_/VSARM/sdk/pico/pico-sdk/src/rp2_common/hardware_flash/flash.c.obj
                0x2000028c                flash_do_cmd
 *(.text*)
 .text          0x20000350        0x4 c:/vsarm/armcc/102021~1.10/bin/../lib/gcc/arm-none-eabi/10.3.1/thumb/v6-m/nofp\libgcc.a(_dvmd_tls.o)
                0x20000350                __aeabi_idiv0
                0x20000350                __aeabi_ldiv0
 .text.memmove  0x20000354       0xac c:/vsarm/armcc/102021~1.10/bin/../lib/gcc/arm-none-eabi/10.3.1/../../../../arm-none-eabi/lib/thumb/v6-m/nofp\libc.a(lib_a-memmove.o)
                0x20000354                memmove
 .text.memmove.__stub
                0x20000400       0x30 linker stubs
                0x20000430                . = ALIGN (0x4)
 *(.rodata*)
                0x20000430                . = ALIGN (0x4)
 *(.data*)
 .data.pio      0x20000430        0x4 CMakeFiles/main.dir/main.c.obj
                0x20000430                pio
 .data.striped_spin_lock_num
                0x20000434        0x1 CMakeFiles/main.dir/C_/VSARM/sdk/pico/pico-sdk/src/rp2_common/hardware_sync/sync.c.obj
 *fill*         0x20000435        0x3 
 .data.default_alarm_pool
                0x20000438       0x18 CMakeFiles/main.dir/C_/VSARM/sdk/pico/pico-sdk/src/common/pico_time/time.c.obj
 .data.default_alarm_pool_heap
                0x20000450       0x10 CMakeFiles/main.dir/C_/VSARM/sdk/pico/pico-sdk/src/common/pico_time/time.c.obj
 .data          0x20000460       0x48 CMakeFiles/main.dir/C_/VSARM/sdk/pico/pico-sdk/src/rp2_common/hardware_irq/irq_handler_chain.S.obj
                0x20000460                irq_handler_chain_slots
                0x20000490                irq_handler_chain_first_slot
                0x2000049a                irq_handler_chain_remove_tail
 *fill*         0x200004a8        0x8 
 .data.aeabi_bits_funcs
                0x200004b0       0x10 CMakeFiles/main.dir/C_/VSARM/sdk/pico/pico-sdk/src/rp2_common/pico_bit_ops/bit_ops_aeabi.S.obj
                0x200004b0                aeabi_bits_funcs
                0x200004c0                aeabi_bits_funcs_end
 .data.aeabi_mem_funcs
                0x200004c0       0x10 CMakeFiles/main.dir/C_/VSARM/sdk/pico/pico-sdk/src/rp2_common/pico_mem_ops/mem_ops_aeabi.S.obj
                0x200004c0                aeabi_mem_funcs
                0x200004d0                aeabi_mem_funcs_end
 .data.stdio_uart
                0x200004d0       0x14 CMakeFiles/main.dir/C_/VSARM/sdk/pico/pico-sdk/src/rp2_common/pico_stdio_uart/stdio_uart.c.obj
                0x200004d0                stdio_uart
 .data.stdio_usb
                0x200004e4       0x14 CMakeFiles/main.dir/C_/VSARM/sdk/pico/pico-sdk/src/rp2_common/pico_stdio_usb/stdio_usb.c.obj
                0x200004e4                stdio_usb
 .data.ep_dir_string
                0x200004f8        0x8 CMakeFiles/main.dir/C_/VSARM/sdk/pico/pico-sdk/lib/tinyusb/src/portable/raspberrypi/rp2040/rp2040_usb.c.obj
                0x200004f8                ep_dir_string
 .data._usbd_qdef
                0x20000500       0x24 CMakeFiles/main.dir/C_/VSARM/sdk/pico/pico-sdk/lib/tinyusb/src/device/usbd.c.obj
                0x20000500                _usbd_qdef
 .data._impure_ptr
                0x20000524        0x4 c:/vsarm/armcc/102021~1.10/bin/../lib/gcc/arm-none-eabi/10.3.1/../../../../arm-none-eabi/lib/thumb/v6-m/nofp\libc.a(lib_a-impure.o)
                0x20000524                _impure_ptr
 .data.impure_data
                0x20000528      0x428 c:/vsarm/armcc/102021~1.10/bin/../lib/gcc/arm-none-eabi/10.3.1/../../../../arm-none-eabi/lib/thumb/v6-m/nofp\libc.a(lib_a-impure.o)
 .data.__malloc_av_
                0x20000950      0x408 c:/vsarm/armcc/102021~1.10/bin/../lib/gcc/arm-none-eabi/10.3.1/../../../../arm-none-eabi/lib/thumb/v6-m/nofp\libc.a(lib_a-mallocr.o)
                0x20000950                __malloc_av_
 .data.__malloc_sbrk_base
                0x20000d58        0x4 c:/vsarm/armcc/102021~1.10/bin/../lib/gcc/arm-none-eabi/10.3.1/../../../../arm-none-eabi/lib/thumb/v6-m/nofp\libc.a(lib_a-mallocr.o)
                0x20000d58                __malloc_sbrk_base